✅ Converted article.zod.ts
✅ Converted articlePreview.zod.ts
✅ Converted comment.zod.ts
✅ Converted createArticleBody.zod.ts
✅ Converted createArticleCommentBody.zod.ts
✅ Converted createUserBody.zod.ts
✅ Converted genericErrorModel.zod.ts
✅ Converted getArticlesFeedParams.zod.ts
✅ Converted getArticlesParams.zod.ts
✅ Converted loginBody.zod.ts
✅ Converted loginUser.zod.ts
✅ Converted loginUserRequest.zod.ts
✅ Converted multipleArticlesResponse.zod.ts
✅ Converted multipleCommentsResponse.zod.ts
✅ Converted newArticle.zod.ts
✅ Converted newArticleRequest.zod.ts
✅ Converted newComment.zod.ts
✅ Converted newCommentRequest.zod.ts
✅ Converted newUser.zod.ts
✅ Converted newUserRequest.zod.ts
✅ Converted profile.zod.ts
✅ Converted profileResponse.zod.ts
✅ Converted singleArticleResponse.zod.ts
✅ Converted singleCommentResponse.zod.ts
✅ Converted tagsResponse.zod.ts
✅ Converted updateArticle.zod.ts
✅ Converted updateArticleBody.zod.ts
✅ Converted updateArticleRequest.zod.ts
✅ Converted updateCurrentUserBody.zod.ts
✅ Converted updateUser.zod.ts
✅ Converted updateUserRequest.zod.ts
✅ Converted user.zod.ts
✅ Converted userResponse.zod.ts
🎉 All files converted to zod/mini format!
