
> realworld-vue@0.1.0 build
> vite build

(!) Your Vite config uses features that are unsupported by `configLoader: 'native'`, which is planned to become the default in a future major version of Vite:
  - ESM syntax in a file loaded as CommonJS (vite.config.js:1:1). Use a `.mjs` extension or set `"type": "module"` in the closest package.json
Set `VITE_CONFIG_NATIVE_IGNORE_WARNING=true` to suppress this warning.
vite v8.3.2 building client environment for production...
transforming...
✓ 364 modules transformed.
rendering chunks...
computing gzip size...
dist/index.html                        1.00 kB │ gzip:  0.59 kB
dist/assets/index-G7tt2fdG.css        19.03 kB │ gzip:  4.01 kB
dist/assets/VTag-B7lVJlT9.js           0.43 kB │ gzip:  0.30 kB
dist/assets/ListErrors-C0lPtJqY.js     0.44 kB │ gzip:  0.28 kB
dist/assets/article-DQTz9lIZ.js        1.62 kB │ gzip:  0.62 kB
dist/assets/Login-CkkxUskW.js          1.65 kB │ gzip:  0.91 kB
dist/assets/Register-CxUF-8E3.js       1.87 kB │ gzip:  0.93 kB
dist/assets/ArticleEdit-D2yK-WuR.js    2.39 kB │ gzip:  1.14 kB
dist/assets/Home-Bds6SmOx.js           2.46 kB │ gzip:  1.23 kB
dist/assets/Settings-BnjsmjSt.js       2.51 kB │ gzip:  1.07 kB
dist/assets/ArticleList-O98hVuJB.js    2.99 kB │ gzip:  1.33 kB
dist/assets/Profile-BQ6Q5abC.js        3.16 kB │ gzip:  1.34 kB
dist/assets/ArticleMeta-DXZVw3fH.js    4.31 kB │ gzip:  1.52 kB
dist/assets/format-DXZSnEo7.js        19.35 kB │ gzip:  5.57 kB
dist/assets/Article-BvLWBwBY.js       77.68 kB │ gzip: 26.08 kB
dist/assets/index-C-8JmaNg.js        104.96 kB │ gzip: 40.45 kB

✓ built in 286ms
