[WebServer] (node:93251) Warning: The 'NO_COLOR' env is ignored due to the 'FORCE_COLOR' env being set.
[WebServer] (Use `node --trace-warnings ...` to show where the warning was created)

Running 93 tests using 3 workers

(node:93265) Warning: The 'NO_COLOR' env is ignored due to the 'FORCE_COLOR' env being set.
(Use `node --trace-warnings ...` to show where the warning was created)
(node:93266) Warning: The 'NO_COLOR' env is ignored due to the 'FORCE_COLOR' env being set.
(Use `node --trace-warnings ...` to show where the warning was created)
(node:93267) Warning: The 'NO_COLOR' env is ignored due to the 'FORCE_COLOR' env being set.
(Use `node --trace-warnings ...` to show where the warning was created)
[WebServer] 11:12:14 PM [vite] (client) [console.warn] Lit is in dev mode. Not recommended for production! See https://lit.dev/msg/dev-mode for more information.
[WebServer] 11:12:14 PM [vite] (client) [console.warn] Lit is in dev mode. Not recommended for production! See https://lit.dev/msg/dev-mode for more information.
[WebServer] 11:12:14 PM [vite] (client) [console.warn] Lit is in dev mode. Not recommended for production! See https://lit.dev/msg/dev-mode for more information.
  ✓   1 [chromium] › tests/journeys.spec.ts:63:1 › failed sign in retains fields and permits correction; protected direct routes redirect (1.9s)
[WebServer] 11:12:15 PM [vite] (client) [console.warn] Lit is in dev mode. Not recommended for production! See https://lit.dev/msg/dev-mode for more information.
  ✓   2 [chromium] › tests/journeys.spec.ts:3:1 › global feed, tag filtering, pagination and browser history retain shell and home (1.9s)
  ✓   3 [chromium] › tests/journeys.spec.ts:29:1 › registration, reload session, settings update, empty password omission and logout (2.1s)
[WebServer] 11:12:16 PM [vite] (client) [console.warn] Lit is in dev mode. Not recommended for production! See https://lit.dev/msg/dev-mode for more information.
[WebServer] 11:12:16 PM [vite] (client) [console.warn] Lit is in dev mode. Not recommended for production! See https://lit.dev/msg/dev-mode for more information.
[WebServer] 11:12:16 PM [vite] (client) [console.warn] Lit is in dev mode. Not recommended for production! See https://lit.dev/msg/dev-mode for more information.
[WebServer] 11:12:17 PM [vite] (client) [console.warn] Lit is in dev mode. Not recommended for production! See https://lit.dev/msg/dev-mode for more information.
  ✓   6 [chromium] › tests/journeys.spec.ts:186:1 › comments retain newer typing during pending post, then delete only owned comment (1.1s)
  ✓   4 [chromium] › tests/journeys.spec.ts:86:1 › create, read markdown, edit slug, profile author list and delete article (1.3s)
  ✓   5 [chromium] › tests/journeys.spec.ts:133:1 › favorites, followed feed, profile tabs and synchronized article metadata (1.5s)
[WebServer] 11:12:17 PM [vite] (client) [console.warn] Lit is in dev mode. Not recommended for production! See https://lit.dev/msg/dev-mode for more information.
[WebServer] 11:12:17 PM [vite] (client) [console.warn] Lit is in dev mode. Not recommended for production! See https://lit.dev/msg/dev-mode for more information.
  ✓   8 [chromium] › tests/journeys.spec.ts:235:1 › session outage preserves token, explicit retry restores and expired token clears (455ms)
[WebServer] 11:12:17 PM [vite] (client) [console.warn] Lit is in dev mode. Not recommended for production! See https://lit.dev/msg/dev-mode for more information.
[WebServer] 11:12:18 PM [vite] (client) [console.warn] Lit is in dev mode. Not recommended for production! See https://lit.dev/msg/dev-mode for more information.
  ✓   7 [chromium] › tests/journeys.spec.ts:213:1 › feed errors are explicit, retryable and retain layout during failed refresh (1.0s)
[WebServer] 11:12:18 PM [vite] (client) [console.warn] Lit is in dev mode. Not recommended for production! See https://lit.dev/msg/dev-mode for more information.
  ✓   9 [chromium] › tests/journeys.spec.ts:261:1 › Markdown and text escape XSS, unknown routes and guest actions (1.0s)
[WebServer] 11:12:18 PM [vite] (client) [console.warn] Lit is in dev mode. Not recommended for production! See https://lit.dev/msg/dev-mode for more information.
[WebServer] 11:12:18 PM [vite] (client) [console.warn] Lit is in dev mode. Not recommended for production! See https://lit.dev/msg/dev-mode for more information.
  ✓  10 [chromium] › tests/journeys.spec.ts:292:1 › editor keeps newer text after save and updates the returned slug on next save (1.0s)
[WebServer] 11:12:19 PM [vite] (client) [console.warn] Lit is in dev mode. Not recommended for production! See https://lit.dev/msg/dev-mode for more information.
[WebServer] 11:12:19 PM [vite] (client) [console.warn] Lit is in dev mode. Not recommended for production! See https://lit.dev/msg/dev-mode for more information.
[WebServer] 11:12:19 PM [vite] (client) [console.warn] Lit is in dev mode. Not recommended for production! See https://lit.dev/msg/dev-mode for more information.
  ✓  11 [chromium] › tests/journeys.spec.ts:327:1 › comment deletion cannot invoke article deletion; editor denies nonauthor (1.2s)
  ✓  12 [chromium] › tests/journeys.spec.ts:350:1 › failed article and comment writes preserve drafts and allow explicit resubmission (1.1s)
[WebServer] 11:12:19 PM [vite] (client) [console.warn] Lit is in dev mode. Not recommended for production! See https://lit.dev/msg/dev-mode for more information.
[WebServer] 11:12:19 PM [vite] (client) [console.warn] Lit is in dev mode. Not recommended for production! See https://lit.dev/msg/dev-mode for more information.
  ✓  13 [chromium] › tests/journeys.spec.ts:391:1 › desktop and mobile Conduit layout, keyboard focus and empty feed (1.1s)
[WebServer] 11:12:19 PM [vite] (client) [console.warn] Lit is in dev mode. Not recommended for production! See https://lit.dev/msg/dev-mode for more information.
[WebServer] 11:12:20 PM [vite] (client) [console.warn] Lit is in dev mode. Not recommended for production! See https://lit.dev/msg/dev-mode for more information.
[WebServer] 11:12:20 PM [vite] (client) [console.warn] Lit is in dev mode. Not recommended for production! See https://lit.dev/msg/dev-mode for more information.
  ✓  15 [chromium] › tests/journeys.spec.ts:458:1 › favorite failure belongs to its row and clears after a successful retry (985ms)
[WebServer] 11:12:20 PM [vite] (client) [console.warn] Lit is in dev mode. Not recommended for production! See https://lit.dev/msg/dev-mode for more information.
[WebServer] 11:12:20 PM [vite] (client) [console.warn] Lit is in dev mode. Not recommended for production! See https://lit.dev/msg/dev-mode for more information.
[WebServer] 11:12:20 PM [vite] (client) [console.warn] Lit is in dev mode. Not recommended for production! See https://lit.dev/msg/dev-mode for more information.
[WebServer] 11:12:20 PM [vite] (client) [console.warn] Lit is in dev mode. Not recommended for production! See https://lit.dev/msg/dev-mode for more information.
[WebServer] 11:12:20 PM [vite] (client) [console.warn] Lit is in dev mode. Not recommended for production! See https://lit.dev/msg/dev-mode for more information.
[WebServer] 11:12:20 PM [vite] (client) [console.warn] Lit is in dev mode. Not recommended for production! See https://lit.dev/msg/dev-mode for more information.
  ✓  14 [chromium] › tests/journeys.spec.ts:428:1 › unfavoriting reconciles favorites membership, pages, and empty results (1.7s)
  ✓  16 [chromium] › tests/journeys.spec.ts:480:1 › form autocomplete matches the workflow and logout adds one history entry (1.5s)
[WebServer] 11:12:21 PM [vite] (client) [console.warn] Lit is in dev mode. Not recommended for production! See https://lit.dev/msg/dev-mode for more information.
[WebServer] 11:12:21 PM [vite] (client) [console.warn] Lit is in dev mode. Not recommended for production! See https://lit.dev/msg/dev-mode for more information.
[WebServer] 11:12:21 PM [vite] (client) [console.warn] Lit is in dev mode. Not recommended for production! See https://lit.dev/msg/dev-mode for more information.
  ✓  17 [chromium] › tests/journeys.spec.ts:503:1 › overlapping unfavorites finish before membership refresh replaces their rows (1.1s)
  ✓  18 [chromium] › tests/lifecycle.spec.ts:3:1 › navigation cancels readiness and destroys the outgoing page and rows (784ms)
[WebServer] 11:12:21 PM [vite] (client) [console.warn] Lit is in dev mode. Not recommended for production! See https://lit.dev/msg/dev-mode for more information.
[WebServer] 11:12:22 PM [vite] (client) [console.warn] Lit is in dev mode. Not recommended for production! See https://lit.dev/msg/dev-mode for more information.
  ✓  19 [chromium] › tests/lifecycle.spec.ts:49:1 › rapid feed requests ignore obsolete data and preserve current query (839ms)
  ✓  20 [chromium] › tests/lifecycle.spec.ts:74:1 › destroyed observable rows stop rendering when borrowed data changes (676ms)
[WebServer] 11:12:22 PM [vite] (client) [console.warn] Lit is in dev mode. Not recommended for production! See https://lit.dev/msg/dev-mode for more information.
  ✓  21 [chromium] › tests/lifecycle.spec.ts:113:1 › stop/start and restart keep one navigation subscription; destroy disposes descendants (694ms)
[WebServer] 11:12:22 PM [vite] (client) [console.warn] Lit is in dev mode. Not recommended for production! See https://lit.dev/msg/dev-mode for more information.
[WebServer] 11:12:22 PM [vite] (client) [console.warn] Lit is in dev mode. Not recommended for production! See https://lit.dev/msg/dev-mode for more information.
  ✓  23 [chromium] › tests/lifecycle.spec.ts:187:1 › Marionette preparation rejects stale completion even when API ignores its abort signal (745ms)
  ✓  22 [chromium] › tests/lifecycle.spec.ts:158:1 › navigating away during save prevents late UI and session commits (988ms)
[WebServer] 11:12:23 PM [vite] (client) [console.warn] Lit is in dev mode. Not recommended for production! See https://lit.dev/msg/dev-mode for more information.
[WebServer] 11:12:23 PM [vite] (client) [console.warn] Lit is in dev mode. Not recommended for production! See https://lit.dev/msg/dev-mode for more information.
[WebServer] 11:12:23 PM [vite] (client) [console.warn] Lit is in dev mode. Not recommended for production! See https://lit.dev/msg/dev-mode for more information.
  ✓  24 [chromium] › tests/lifecycle.spec.ts:235:1 › same-user, unavailable, and superseded session refresh retain the editor draft (1.5s)
  ✓  25 [chromium] › tests/lifecycle.spec.ts:300:1 › credential replacement rejects an old settings response before the new user resolves (998ms)
[WebServer] 11:12:24 PM [vite] (client) [console.warn] Lit is in dev mode. Not recommended for production! See https://lit.dev/msg/dev-mode for more information.
  ✓  26 [chromium] › tests/lifecycle.spec.ts:359:1 › a settings completion that ignores cancellation cannot accept obsolete credentials (902ms)
[WebServer] 11:12:24 PM [vite] (client) [console.warn] Lit is in dev mode. Not recommended for production! See https://lit.dev/msg/dev-mode for more information.
[WebServer] 11:12:24 PM [vite] (client) [console.warn] Lit is in dev mode. Not recommended for production! See https://lit.dev/msg/dev-mode for more information.
[WebServer] 11:12:24 PM [vite] (client) [console.warn] Lit is in dev mode. Not recommended for production! See https://lit.dev/msg/dev-mode for more information.
  ✓  29 [chromium] › tests/lifecycle.spec.ts:478:1 › an obsolete activation failure cannot replace the newer destination (786ms)
  ✓  27 [chromium] › tests/lifecycle.spec.ts:387:1 › a completed favorite supersedes a held feed snapshot (882ms)
[WebServer] 11:12:25 PM [vite] (client) [console.warn] Lit is in dev mode. Not recommended for production! See https://lit.dev/msg/dev-mode for more information.
[WebServer] 11:12:25 PM [vite] (client) [console.warn] Lit is in dev mode. Not recommended for production! See https://lit.dev/msg/dev-mode for more information.
[WebServer] 11:12:25 PM [vite] (client) [console.warn] Lit is in dev mode. Not recommended for production! See https://lit.dev/msg/dev-mode for more information.
[WebServer] 11:12:25 PM [vite] (client) [console.warn] Lit is in dev mode. Not recommended for production! See https://lit.dev/msg/dev-mode for more information.
  ✓  31 [chromium] › tests/lifecycle.spec.ts:523:1 › startup rechecks credentials changed before storage listeners are installed (504ms)
[WebServer] 11:12:25 PM [vite] (client) [console.warn] Lit is in dev mode. Not recommended for production! See https://lit.dev/msg/dev-mode for more information.
[WebServer] 11:12:25 PM [vite] (client) [console.warn] Lit is in dev mode. Not recommended for production! See https://lit.dev/msg/dev-mode for more information.
  ✓  28 [chromium] › tests/lifecycle.spec.ts:425:1 › composite restart retains child Regions and comment drafts; stop/start reconstructs (1.8s)
[WebServer] 11:12:26 PM [vite] (client) [console.warn] Lit is in dev mode. Not recommended for production! See https://lit.dev/msg/dev-mode for more information.
  ✓  30 [chromium] › tests/lifecycle.spec.ts:501:1 › a write cannot use replaced credentials before the storage event is handled (1.1s)
(node:93510) Warning: The 'NO_COLOR' env is ignored due to the 'FORCE_COLOR' env being set.
(Use `node --trace-warnings ...` to show where the warning was created)
(node:93523) Warning: The 'NO_COLOR' env is ignored due to the 'FORCE_COLOR' env being set.
(Use `node --trace-warnings ...` to show where the warning was created)
(node:93524) Warning: The 'NO_COLOR' env is ignored due to the 'FORCE_COLOR' env being set.
(Use `node --trace-warnings ...` to show where the warning was created)
[WebServer] 11:12:30 PM [vite] (client) [console.warn] Lit is in dev mode. Not recommended for production! See https://lit.dev/msg/dev-mode for more information.
[WebServer] 11:12:30 PM [vite] (client) [console.warn] Lit is in dev mode. Not recommended for production! See https://lit.dev/msg/dev-mode for more information.
[WebServer] 11:12:30 PM [vite] (client) [console.warn] Lit is in dev mode. Not recommended for production! See https://lit.dev/msg/dev-mode for more information.
  ✓  34 [firefox] › tests/journeys.spec.ts:63:1 › failed sign in retains fields and permits correction; protected direct routes redirect (2.4s)
[WebServer] 11:12:30 PM [vite] (client) [console.warn] Lit is in dev mode. Not recommended for production! See https://lit.dev/msg/dev-mode for more information.
  ✓  33 [firefox] › tests/journeys.spec.ts:29:1 › registration, reload session, settings update, empty password omission and logout (2.5s)
[WebServer] 11:12:31 PM [vite] (client) [console.warn] Lit is in dev mode. Not recommended for production! See https://lit.dev/msg/dev-mode for more information.
  ✓  32 [firefox] › tests/journeys.spec.ts:3:1 › global feed, tag filtering, pagination and browser history retain shell and home (2.2s)
[WebServer] 11:12:31 PM [vite] (client) [console.warn] Lit is in dev mode. Not recommended for production! See https://lit.dev/msg/dev-mode for more information.
[WebServer] 11:12:31 PM [vite] (client) [console.warn] Lit is in dev mode. Not recommended for production! See https://lit.dev/msg/dev-mode for more information.
[WebServer] 11:12:32 PM [vite] (client) [console.warn] Lit is in dev mode. Not recommended for production! See https://lit.dev/msg/dev-mode for more information.
  ✓  35 [firefox] › tests/journeys.spec.ts:86:1 › create, read markdown, edit slug, profile author list and delete article (1.6s)
  ✓  37 [firefox] › tests/journeys.spec.ts:186:1 › comments retain newer typing during pending post, then delete only owned comment (1.2s)
[WebServer] 11:12:32 PM [vite] (client) [console.warn] Lit is in dev mode. Not recommended for production! See https://lit.dev/msg/dev-mode for more information.
[WebServer] 11:12:32 PM [vite] (client) [console.warn] Lit is in dev mode. Not recommended for production! See https://lit.dev/msg/dev-mode for more information.
  ✓  36 [firefox] › tests/journeys.spec.ts:133:1 › favorites, followed feed, profile tabs and synchronized article metadata (1.8s)
  ✓  39 [firefox] › tests/journeys.spec.ts:235:1 › session outage preserves token, explicit retry restores and expired token clears (568ms)
  ✓  38 [firefox] › tests/journeys.spec.ts:213:1 › feed errors are explicit, retryable and retain layout during failed refresh (1.1s)
[WebServer] 11:12:33 PM [vite] (client) [console.warn] Lit is in dev mode. Not recommended for production! See https://lit.dev/msg/dev-mode for more information.
[WebServer] 11:12:33 PM [vite] (client) [console.warn] Lit is in dev mode. Not recommended for production! See https://lit.dev/msg/dev-mode for more information.
[WebServer] 11:12:33 PM [vite] (client) [console.warn] Lit is in dev mode. Not recommended for production! See https://lit.dev/msg/dev-mode for more information.
[WebServer] 11:12:34 PM [vite] (client) [console.warn] Lit is in dev mode. Not recommended for production! See https://lit.dev/msg/dev-mode for more information.
  ✓  41 [firefox] › tests/journeys.spec.ts:292:1 › editor keeps newer text after save and updates the returned slug on next save (1.2s)
  ✓  40 [firefox] › tests/journeys.spec.ts:261:1 › Markdown and text escape XSS, unknown routes and guest actions (1.4s)
[WebServer] 11:12:34 PM [vite] (client) [console.warn] Lit is in dev mode. Not recommended for production! See https://lit.dev/msg/dev-mode for more information.
[WebServer] 11:12:34 PM [vite] (client) [console.warn] Lit is in dev mode. Not recommended for production! See https://lit.dev/msg/dev-mode for more information.
[WebServer] 11:12:34 PM [vite] (client) [console.warn] Lit is in dev mode. Not recommended for production! See https://lit.dev/msg/dev-mode for more information.
[WebServer] 11:12:35 PM [vite] (client) [console.warn] Lit is in dev mode. Not recommended for production! See https://lit.dev/msg/dev-mode for more information.
  ✓  42 [firefox] › tests/journeys.spec.ts:327:1 › comment deletion cannot invoke article deletion; editor denies nonauthor (1.8s)
[WebServer] 11:12:35 PM [vite] (client) [console.warn] Lit is in dev mode. Not recommended for production! See https://lit.dev/msg/dev-mode for more information.
  ✓  43 [firefox] › tests/journeys.spec.ts:350:1 › failed article and comment writes preserve drafts and allow explicit resubmission (1.4s)
[WebServer] 11:12:35 PM [vite] (client) [console.warn] Lit is in dev mode. Not recommended for production! See https://lit.dev/msg/dev-mode for more information.
  ✓  44 [firefox] › tests/journeys.spec.ts:391:1 › desktop and mobile Conduit layout, keyboard focus and empty feed (1.5s)
[WebServer] 11:12:36 PM [vite] (client) [console.warn] Lit is in dev mode. Not recommended for production! See https://lit.dev/msg/dev-mode for more information.
[WebServer] 11:12:36 PM [vite] (client) [console.warn] Lit is in dev mode. Not recommended for production! See https://lit.dev/msg/dev-mode for more information.
[WebServer] 11:12:36 PM [vite] (client) [console.warn] Lit is in dev mode. Not recommended for production! See https://lit.dev/msg/dev-mode for more information.
[WebServer] 11:12:36 PM [vite] (client) [console.warn] Lit is in dev mode. Not recommended for production! See https://lit.dev/msg/dev-mode for more information.
[WebServer] 11:12:36 PM [vite] (client) [console.warn] Lit is in dev mode. Not recommended for production! See https://lit.dev/msg/dev-mode for more information.
  ✓  46 [firefox] › tests/journeys.spec.ts:458:1 › favorite failure belongs to its row and clears after a successful retry (1.1s)
[WebServer] 11:12:36 PM [vite] (client) [console.warn] Lit is in dev mode. Not recommended for production! See https://lit.dev/msg/dev-mode for more information.
[WebServer] 11:12:36 PM [vite] (client) [console.warn] Lit is in dev mode. Not recommended for production! See https://lit.dev/msg/dev-mode for more information.
[WebServer] 11:12:37 PM [vite] (client) [console.warn] Lit is in dev mode. Not recommended for production! See https://lit.dev/msg/dev-mode for more information.
[WebServer] 11:12:37 PM [vite] (client) [console.warn] Lit is in dev mode. Not recommended for production! See https://lit.dev/msg/dev-mode for more information.
  ✓  45 [firefox] › tests/journeys.spec.ts:428:1 › unfavoriting reconciles favorites membership, pages, and empty results (2.5s)
  ✓  47 [firefox] › tests/journeys.spec.ts:480:1 › form autocomplete matches the workflow and logout adds one history entry (2.6s)
[WebServer] 11:12:38 PM [vite] (client) [console.warn] Lit is in dev mode. Not recommended for production! See https://lit.dev/msg/dev-mode for more information.
[WebServer] 11:12:38 PM [vite] (client) [console.warn] Lit is in dev mode. Not recommended for production! See https://lit.dev/msg/dev-mode for more information.
[WebServer] 11:12:38 PM [vite] (client) [console.warn] Lit is in dev mode. Not recommended for production! See https://lit.dev/msg/dev-mode for more information.
  ✓  49 [firefox] › tests/lifecycle.spec.ts:3:1 › navigation cancels readiness and destroys the outgoing page and rows (1.4s)
  ✓  48 [firefox] › tests/journeys.spec.ts:503:1 › overlapping unfavorites finish before membership refresh replaces their rows (2.4s)
  ✓  50 [firefox] › tests/lifecycle.spec.ts:49:1 › rapid feed requests ignore obsolete data and preserve current query (1.4s)
[WebServer] 11:12:39 PM [vite] (client) [console.warn] Lit is in dev mode. Not recommended for production! See https://lit.dev/msg/dev-mode for more information.
[WebServer] 11:12:39 PM [vite] (client) [console.warn] Lit is in dev mode. Not recommended for production! See https://lit.dev/msg/dev-mode for more information.
[WebServer] 11:12:40 PM [vite] (client) [console.warn] Lit is in dev mode. Not recommended for production! See https://lit.dev/msg/dev-mode for more information.
  ✓  51 [firefox] › tests/lifecycle.spec.ts:74:1 › destroyed observable rows stop rendering when borrowed data changes (1.1s)
  ✓  52 [firefox] › tests/lifecycle.spec.ts:113:1 › stop/start and restart keep one navigation subscription; destroy disposes descendants (1.3s)
[WebServer] 11:12:40 PM [vite] (client) [console.warn] Lit is in dev mode. Not recommended for production! See https://lit.dev/msg/dev-mode for more information.
[WebServer] 11:12:41 PM [vite] (client) [console.warn] Lit is in dev mode. Not recommended for production! See https://lit.dev/msg/dev-mode for more information.
  ✓  53 [firefox] › tests/lifecycle.spec.ts:158:1 › navigating away during save prevents late UI and session commits (1.4s)
  ✓  54 [firefox] › tests/lifecycle.spec.ts:187:1 › Marionette preparation rejects stale completion even when API ignores its abort signal (1.1s)
[WebServer] 11:12:41 PM [vite] (client) [console.warn] Lit is in dev mode. Not recommended for production! See https://lit.dev/msg/dev-mode for more information.
[WebServer] 11:12:42 PM [vite] (client) [console.warn] Lit is in dev mode. Not recommended for production! See https://lit.dev/msg/dev-mode for more information.
[WebServer] 11:12:42 PM [vite] (client) [console.warn] Lit is in dev mode. Not recommended for production! See https://lit.dev/msg/dev-mode for more information.
  ✓  55 [firefox] › tests/lifecycle.spec.ts:235:1 › same-user, unavailable, and superseded session refresh retain the editor draft (1.7s)
  ✓  56 [firefox] › tests/lifecycle.spec.ts:300:1 › credential replacement rejects an old settings response before the new user resolves (1.5s)
[WebServer] 11:12:42 PM [vite] (client) [console.warn] Lit is in dev mode. Not recommended for production! See https://lit.dev/msg/dev-mode for more information.
[WebServer] 11:12:42 PM [vite] (client) [console.warn] Lit is in dev mode. Not recommended for production! See https://lit.dev/msg/dev-mode for more information.
  ✓  57 [firefox] › tests/lifecycle.spec.ts:359:1 › a settings completion that ignores cancellation cannot accept obsolete credentials (1.4s)
[WebServer] 11:12:43 PM [vite] (client) [console.warn] Lit is in dev mode. Not recommended for production! See https://lit.dev/msg/dev-mode for more information.
[WebServer] 11:12:43 PM [vite] (client) [console.warn] Lit is in dev mode. Not recommended for production! See https://lit.dev/msg/dev-mode for more information.
[WebServer] 11:12:43 PM [vite] (client) [console.warn] Lit is in dev mode. Not recommended for production! See https://lit.dev/msg/dev-mode for more information.
[WebServer] 11:12:44 PM [vite] (client) [console.warn] Lit is in dev mode. Not recommended for production! See https://lit.dev/msg/dev-mode for more information.
  ✓  58 [firefox] › tests/lifecycle.spec.ts:387:1 › a completed favorite supersedes a held feed snapshot (2.2s)
[WebServer] 11:12:44 PM [vite] (client) [console.warn] Lit is in dev mode. Not recommended for production! See https://lit.dev/msg/dev-mode for more information.
  ✓  60 [firefox] › tests/lifecycle.spec.ts:478:1 › an obsolete activation failure cannot replace the newer destination (2.3s)
[WebServer] 11:12:45 PM [vite] (client) [console.warn] Lit is in dev mode. Not recommended for production! See https://lit.dev/msg/dev-mode for more information.
  ✓  59 [firefox] › tests/lifecycle.spec.ts:425:1 › composite restart retains child Regions and comment drafts; stop/start reconstructs (2.6s)
[WebServer] 11:12:45 PM [vite] (client) [console.warn] Lit is in dev mode. Not recommended for production! See https://lit.dev/msg/dev-mode for more information.
[WebServer] 11:12:45 PM [vite] (client) [console.warn] Lit is in dev mode. Not recommended for production! See https://lit.dev/msg/dev-mode for more information.
[WebServer] 11:12:45 PM [vite] (client) [console.warn] Lit is in dev mode. Not recommended for production! See https://lit.dev/msg/dev-mode for more information.
  ✓  62 [firefox] › tests/lifecycle.spec.ts:523:1 › startup rechecks credentials changed before storage listeners are installed (884ms)
  ✓  61 [firefox] › tests/lifecycle.spec.ts:501:1 › a write cannot use replaced credentials before the storage event is handled (1.5s)
(node:93957) Warning: The 'NO_COLOR' env is ignored due to the 'FORCE_COLOR' env being set.
(Use `node --trace-warnings ...` to show where the warning was created)
(node:93962) Warning: The 'NO_COLOR' env is ignored due to the 'FORCE_COLOR' env being set.
(Use `node --trace-warnings ...` to show where the warning was created)
(node:93966) Warning: The 'NO_COLOR' env is ignored due to the 'FORCE_COLOR' env being set.
(Use `node --trace-warnings ...` to show where the warning was created)
[WebServer] 11:12:48 PM [vite] (client) [console.warn] Lit is in dev mode. Not recommended for production! See https://lit.dev/msg/dev-mode for more information.
[WebServer] 11:12:48 PM [vite] (client) [console.warn] Lit is in dev mode. Not recommended for production! See https://lit.dev/msg/dev-mode for more information.
[WebServer] 11:12:48 PM [vite] (client) [console.warn] Lit is in dev mode. Not recommended for production! See https://lit.dev/msg/dev-mode for more information.
  ✓  63 [webkit] › tests/journeys.spec.ts:3:1 › global feed, tag filtering, pagination and browser history retain shell and home (1.6s)
  ✓  65 [webkit] › tests/journeys.spec.ts:63:1 › failed sign in retains fields and permits correction; protected direct routes redirect (1.6s)
[WebServer] 11:12:48 PM [vite] (client) [console.warn] Lit is in dev mode. Not recommended for production! See https://lit.dev/msg/dev-mode for more information.
[WebServer] 11:12:49 PM [vite] (client) [console.warn] Lit is in dev mode. Not recommended for production! See https://lit.dev/msg/dev-mode for more information.
[WebServer] 11:12:49 PM [vite] (client) [console.warn] Lit is in dev mode. Not recommended for production! See https://lit.dev/msg/dev-mode for more information.
  ✓  64 [webkit] › tests/journeys.spec.ts:29:1 › registration, reload session, settings update, empty password omission and logout (2.2s)
[WebServer] 11:12:49 PM [vite] (client) [console.warn] Lit is in dev mode. Not recommended for production! See https://lit.dev/msg/dev-mode for more information.
[WebServer] 11:12:50 PM [vite] (client) [console.warn] Lit is in dev mode. Not recommended for production! See https://lit.dev/msg/dev-mode for more information.
  ✓  68 [webkit] › tests/journeys.spec.ts:186:1 › comments retain newer typing during pending post, then delete only owned comment (1.0s)
  ✓  66 [webkit] › tests/journeys.spec.ts:86:1 › create, read markdown, edit slug, profile author list and delete article (1.6s)
  ✓  67 [webkit] › tests/journeys.spec.ts:133:1 › favorites, followed feed, profile tabs and synchronized article metadata (1.7s)
[WebServer] 11:12:50 PM [vite] (client) [console.warn] Lit is in dev mode. Not recommended for production! See https://lit.dev/msg/dev-mode for more information.
[WebServer] 11:12:50 PM [vite] (client) [console.warn] Lit is in dev mode. Not recommended for production! See https://lit.dev/msg/dev-mode for more information.
[WebServer] 11:12:50 PM [vite] (client) [console.warn] Lit is in dev mode. Not recommended for production! See https://lit.dev/msg/dev-mode for more information.
  ✓  70 [webkit] › tests/journeys.spec.ts:235:1 › session outage preserves token, explicit retry restores and expired token clears (676ms)
  ✓  69 [webkit] › tests/journeys.spec.ts:213:1 › feed errors are explicit, retryable and retain layout during failed refresh (751ms)
[WebServer] 11:12:51 PM [vite] (client) [console.warn] Lit is in dev mode. Not recommended for production! See https://lit.dev/msg/dev-mode for more information.
[WebServer] 11:12:51 PM [vite] (client) [console.warn] Lit is in dev mode. Not recommended for production! See https://lit.dev/msg/dev-mode for more information.
[WebServer] 11:12:51 PM [vite] (client) [console.warn] Lit is in dev mode. Not recommended for production! See https://lit.dev/msg/dev-mode for more information.
  ✓  71 [webkit] › tests/journeys.spec.ts:261:1 › Markdown and text escape XSS, unknown routes and guest actions (1.2s)
[WebServer] 11:12:51 PM [vite] (client) [console.warn] Lit is in dev mode. Not recommended for production! See https://lit.dev/msg/dev-mode for more information.
[WebServer] 11:12:51 PM [vite] (client) [console.warn] Lit is in dev mode. Not recommended for production! See https://lit.dev/msg/dev-mode for more information.
  ✓  72 [webkit] › tests/journeys.spec.ts:292:1 › editor keeps newer text after save and updates the returned slug on next save (910ms)
[WebServer] 11:12:52 PM [vite] (client) [console.warn] Lit is in dev mode. Not recommended for production! See https://lit.dev/msg/dev-mode for more information.
[WebServer] 11:12:52 PM [vite] (client) [console.warn] Lit is in dev mode. Not recommended for production! See https://lit.dev/msg/dev-mode for more information.
  ✓  74 [webkit] › tests/journeys.spec.ts:350:1 › failed article and comment writes preserve drafts and allow explicit resubmission (1.0s)
  ✓  73 [webkit] › tests/journeys.spec.ts:327:1 › comment deletion cannot invoke article deletion; editor denies nonauthor (1.6s)
[WebServer] 11:12:52 PM [vite] (client) [console.warn] Lit is in dev mode. Not recommended for production! See https://lit.dev/msg/dev-mode for more information.
[WebServer] 11:12:53 PM [vite] (client) [console.warn] Lit is in dev mode. Not recommended for production! See https://lit.dev/msg/dev-mode for more information.
[WebServer] 11:12:53 PM [vite] (client) [console.warn] Lit is in dev mode. Not recommended for production! See https://lit.dev/msg/dev-mode for more information.
  ✓  75 [webkit] › tests/journeys.spec.ts:391:1 › desktop and mobile Conduit layout, keyboard focus and empty feed (1.3s)
[WebServer] 11:12:53 PM [vite] (client) [console.warn] Lit is in dev mode. Not recommended for production! See https://lit.dev/msg/dev-mode for more information.
  ✓  77 [webkit] › tests/journeys.spec.ts:458:1 › favorite failure belongs to its row and clears after a successful retry (773ms)
[WebServer] 11:12:53 PM [vite] (client) [console.warn] Lit is in dev mode. Not recommended for production! See https://lit.dev/msg/dev-mode for more information.
[WebServer] 11:12:53 PM [vite] (client) [console.warn] Lit is in dev mode. Not recommended for production! See https://lit.dev/msg/dev-mode for more information.
[WebServer] 11:12:53 PM [vite] (client) [console.warn] Lit is in dev mode. Not recommended for production! See https://lit.dev/msg/dev-mode for more information.
[WebServer] 11:12:53 PM [vite] (client) [console.warn] Lit is in dev mode. Not recommended for production! See https://lit.dev/msg/dev-mode for more information.
[WebServer] 11:12:54 PM [vite] (client) [console.warn] Lit is in dev mode. Not recommended for production! See https://lit.dev/msg/dev-mode for more information.
[WebServer] 11:12:54 PM [vite] (client) [console.warn] Lit is in dev mode. Not recommended for production! See https://lit.dev/msg/dev-mode for more information.
[WebServer] 11:12:54 PM [vite] (client) [console.warn] Lit is in dev mode. Not recommended for production! See https://lit.dev/msg/dev-mode for more information.
[WebServer] 11:12:54 PM [vite] (client) [console.warn] Lit is in dev mode. Not recommended for production! See https://lit.dev/msg/dev-mode for more information.
  ✓  78 [webkit] › tests/journeys.spec.ts:480:1 › form autocomplete matches the workflow and logout adds one history entry (1.1s)
  ✓  76 [webkit] › tests/journeys.spec.ts:428:1 › unfavoriting reconciles favorites membership, pages, and empty results (2.0s)
  ✓  79 [webkit] › tests/journeys.spec.ts:503:1 › overlapping unfavorites finish before membership refresh replaces their rows (1.2s)
[WebServer] 11:12:54 PM [vite] (client) [console.warn] Lit is in dev mode. Not recommended for production! See https://lit.dev/msg/dev-mode for more information.
[WebServer] 11:12:54 PM [vite] (client) [console.warn] Lit is in dev mode. Not recommended for production! See https://lit.dev/msg/dev-mode for more information.
[WebServer] 11:12:55 PM [vite] (client) [console.warn] Lit is in dev mode. Not recommended for production! See https://lit.dev/msg/dev-mode for more information.
  ✓  80 [webkit] › tests/lifecycle.spec.ts:3:1 › navigation cancels readiness and destroys the outgoing page and rows (651ms)
  ✓  82 [webkit] › tests/lifecycle.spec.ts:74:1 › destroyed observable rows stop rendering when borrowed data changes (587ms)
  ✓  81 [webkit] › tests/lifecycle.spec.ts:49:1 › rapid feed requests ignore obsolete data and preserve current query (726ms)
[WebServer] 11:12:55 PM [vite] (client) [console.warn] Lit is in dev mode. Not recommended for production! See https://lit.dev/msg/dev-mode for more information.
[WebServer] 11:12:55 PM [vite] (client) [console.warn] Lit is in dev mode. Not recommended for production! See https://lit.dev/msg/dev-mode for more information.
[WebServer] 11:12:55 PM [vite] (client) [console.warn] Lit is in dev mode. Not recommended for production! See https://lit.dev/msg/dev-mode for more information.
  ✓  83 [webkit] › tests/lifecycle.spec.ts:113:1 › stop/start and restart keep one navigation subscription; destroy disposes descendants (680ms)
  ✓  85 [webkit] › tests/lifecycle.spec.ts:187:1 › Marionette preparation rejects stale completion even when API ignores its abort signal (548ms)
[WebServer] 11:12:56 PM [vite] (client) [console.warn] Lit is in dev mode. Not recommended for production! See https://lit.dev/msg/dev-mode for more information.
[WebServer] 11:12:56 PM [vite] (client) [console.warn] Lit is in dev mode. Not recommended for production! See https://lit.dev/msg/dev-mode for more information.
  ✓  84 [webkit] › tests/lifecycle.spec.ts:158:1 › navigating away during save prevents late UI and session commits (1.1s)
[WebServer] 11:12:56 PM [vite] (client) [console.warn] Lit is in dev mode. Not recommended for production! See https://lit.dev/msg/dev-mode for more information.
[WebServer] 11:12:56 PM [vite] (client) [console.warn] Lit is in dev mode. Not recommended for production! See https://lit.dev/msg/dev-mode for more information.
  ✓  86 [webkit] › tests/lifecycle.spec.ts:235:1 › same-user, unavailable, and superseded session refresh retain the editor draft (1.1s)
  ✓  87 [webkit] › tests/lifecycle.spec.ts:300:1 › credential replacement rejects an old settings response before the new user resolves (940ms)
[WebServer] 11:12:57 PM [vite] (client) [console.warn] Lit is in dev mode. Not recommended for production! See https://lit.dev/msg/dev-mode for more information.
  ✓  88 [webkit] › tests/lifecycle.spec.ts:359:1 › a settings completion that ignores cancellation cannot accept obsolete credentials (830ms)
[WebServer] 11:12:57 PM [vite] (client) [console.warn] Lit is in dev mode. Not recommended for production! See https://lit.dev/msg/dev-mode for more information.
[WebServer] 11:12:57 PM [vite] (client) [console.warn] Lit is in dev mode. Not recommended for production! See https://lit.dev/msg/dev-mode for more information.
[WebServer] 11:12:57 PM [vite] (client) [console.warn] Lit is in dev mode. Not recommended for production! See https://lit.dev/msg/dev-mode for more information.
[WebServer] 11:12:57 PM [vite] (client) [console.warn] Lit is in dev mode. Not recommended for production! See https://lit.dev/msg/dev-mode for more information.
  ✓  89 [webkit] › tests/lifecycle.spec.ts:387:1 › a completed favorite supersedes a held feed snapshot (680ms)
[WebServer] 11:12:57 PM [vite] (client) [console.warn] Lit is in dev mode. Not recommended for production! See https://lit.dev/msg/dev-mode for more information.
  ✓  91 [webkit] › tests/lifecycle.spec.ts:478:1 › an obsolete activation failure cannot replace the newer destination (687ms)
[WebServer] 11:12:57 PM [vite] (client) [console.warn] Lit is in dev mode. Not recommended for production! See https://lit.dev/msg/dev-mode for more information.
[WebServer] 11:12:58 PM [vite] (client) [console.warn] Lit is in dev mode. Not recommended for production! See https://lit.dev/msg/dev-mode for more information.
[WebServer] 11:12:58 PM [vite] (client) [console.warn] Lit is in dev mode. Not recommended for production! See https://lit.dev/msg/dev-mode for more information.
[WebServer] 11:12:58 PM [vite] (client) [console.warn] Lit is in dev mode. Not recommended for production! See https://lit.dev/msg/dev-mode for more information.
  ✓  93 [webkit] › tests/lifecycle.spec.ts:523:1 › startup rechecks credentials changed before storage listeners are installed (655ms)
[WebServer] 11:12:58 PM [vite] (client) [console.warn] Lit is in dev mode. Not recommended for production! See https://lit.dev/msg/dev-mode for more information.
  ✓  90 [webkit] › tests/lifecycle.spec.ts:425:1 › composite restart retains child Regions and comment drafts; stop/start reconstructs (1.8s)
  ✓  92 [webkit] › tests/lifecycle.spec.ts:501:1 › a write cannot use replaced credentials before the storage event is handled (1.2s)

  93 passed (46.7s)
