
> marionette-realworld-example-app@1.0.0 test
> playwright test --config=.loading-playwright.config.ts --workers=3

[WebServer] (node:20537) Warning: The 'NO_COLOR' env is ignored due to the 'FORCE_COLOR' env being set.
[WebServer] (Use `node --trace-warnings ...` to show where the warning was created)

Running 99 tests using 3 workers

(node:20679) Warning: The 'NO_COLOR' env is ignored due to the 'FORCE_COLOR' env being set.
(Use `node --trace-warnings ...` to show where the warning was created)
(node:20680) Warning: The 'NO_COLOR' env is ignored due to the 'FORCE_COLOR' env being set.
(Use `node --trace-warnings ...` to show where the warning was created)
(node:20681) Warning: The 'NO_COLOR' env is ignored due to the 'FORCE_COLOR' env being set.
(Use `node --trace-warnings ...` to show where the warning was created)
[WebServer] 11:32:10 PM [vite] (client) [console.warn] Lit is in dev mode. Not recommended for production! See https://lit.dev/msg/dev-mode for more information.
[WebServer] 11:32:10 PM [vite] (client) [console.warn] Lit is in dev mode. Not recommended for production! See https://lit.dev/msg/dev-mode for more information.
[WebServer] 11:32:10 PM [vite] (client) [console.warn] Lit is in dev mode. Not recommended for production! See https://lit.dev/msg/dev-mode for more information.
  ✓   1 [chromium] › tests/journeys.spec.ts:3:1 › global feed, tag filtering, pagination and browser history retain shell and home (1.5s)
  ✓   2 [chromium] › tests/journeys.spec.ts:63:1 › failed sign in retains fields and permits correction; protected direct routes redirect (1.4s)
[WebServer] 11:32:11 PM [vite] (client) [console.warn] Lit is in dev mode. Not recommended for production! See https://lit.dev/msg/dev-mode for more information.
[WebServer] 11:32:11 PM [vite] (client) [console.warn] Lit is in dev mode. Not recommended for production! See https://lit.dev/msg/dev-mode for more information.
[WebServer] 11:32:11 PM [vite] (client) [console.warn] Lit is in dev mode. Not recommended for production! See https://lit.dev/msg/dev-mode for more information.
  ✓   3 [chromium] › tests/journeys.spec.ts:29:1 › registration, reload session, settings update, empty password omission and logout (1.5s)
[WebServer] 11:32:11 PM [vite] (client) [console.warn] Lit is in dev mode. Not recommended for production! See https://lit.dev/msg/dev-mode for more information.
[WebServer] 11:32:12 PM [vite] (client) [console.warn] Lit is in dev mode. Not recommended for production! See https://lit.dev/msg/dev-mode for more information.
  ✓   5 [chromium] › tests/journeys.spec.ts:86:1 › create, read markdown, edit slug, profile author list and delete article (1.4s)
  ✓   6 [chromium] › tests/journeys.spec.ts:186:1 › comments retain newer typing during pending post, then delete only owned comment (1.2s)
  ✓   4 [chromium] › tests/journeys.spec.ts:133:1 › favorites, followed feed, profile tabs and synchronized article metadata (1.6s)
[WebServer] 11:32:12 PM [vite] (client) [console.warn] Lit is in dev mode. Not recommended for production! See https://lit.dev/msg/dev-mode for more information.
[WebServer] 11:32:12 PM [vite] (client) [console.warn] Lit is in dev mode. Not recommended for production! See https://lit.dev/msg/dev-mode for more information.
[WebServer] 11:32:12 PM [vite] (client) [console.warn] Lit is in dev mode. Not recommended for production! See https://lit.dev/msg/dev-mode for more information.
  ✓   8 [chromium] › tests/journeys.spec.ts:235:1 › session outage preserves token, explicit retry restores and expired token clears (501ms)
[WebServer] 11:32:13 PM [vite] (client) [console.warn] Lit is in dev mode. Not recommended for production! See https://lit.dev/msg/dev-mode for more information.
[WebServer] 11:32:13 PM [vite] (client) [console.warn] Lit is in dev mode. Not recommended for production! See https://lit.dev/msg/dev-mode for more information.
  ✓   7 [chromium] › tests/journeys.spec.ts:213:1 › feed errors are explicit, retryable and retain layout during failed refresh (991ms)
  ✓   9 [chromium] › tests/journeys.spec.ts:261:1 › Markdown and text escape XSS, unknown routes and guest actions (1.1s)
[WebServer] 11:32:13 PM [vite] (client) [console.warn] Lit is in dev mode. Not recommended for production! See https://lit.dev/msg/dev-mode for more information.
[WebServer] 11:32:13 PM [vite] (client) [console.warn] Lit is in dev mode. Not recommended for production! See https://lit.dev/msg/dev-mode for more information.
  ✓  10 [chromium] › tests/journeys.spec.ts:292:1 › editor keeps newer text after save and updates the returned slug on next save (939ms)
[WebServer] 11:32:14 PM [vite] (client) [console.warn] Lit is in dev mode. Not recommended for production! See https://lit.dev/msg/dev-mode for more information.
[WebServer] 11:32:14 PM [vite] (client) [console.warn] Lit is in dev mode. Not recommended for production! See https://lit.dev/msg/dev-mode for more information.
[WebServer] 11:32:14 PM [vite] (client) [console.warn] Lit is in dev mode. Not recommended for production! See https://lit.dev/msg/dev-mode for more information.
  ✓  11 [chromium] › tests/journeys.spec.ts:327:1 › comment deletion cannot invoke article deletion; editor denies nonauthor (1.3s)
  ✓  12 [chromium] › tests/journeys.spec.ts:350:1 › failed article and comment writes preserve drafts and allow explicit resubmission (1.2s)
[WebServer] 11:32:15 PM [vite] (client) [console.warn] Lit is in dev mode. Not recommended for production! See https://lit.dev/msg/dev-mode for more information.
  ✓  13 [chromium] › tests/journeys.spec.ts:391:1 › desktop and mobile Conduit layout, keyboard focus and empty feed (1.3s)
[WebServer] 11:32:15 PM [vite] (client) [console.warn] Lit is in dev mode. Not recommended for production! See https://lit.dev/msg/dev-mode for more information.
[WebServer] 11:32:15 PM [vite] (client) [console.warn] Lit is in dev mode. Not recommended for production! See https://lit.dev/msg/dev-mode for more information.
[WebServer] 11:32:15 PM [vite] (client) [console.warn] Lit is in dev mode. Not recommended for production! See https://lit.dev/msg/dev-mode for more information.
[WebServer] 11:32:15 PM [vite] (client) [console.warn] Lit is in dev mode. Not recommended for production! See https://lit.dev/msg/dev-mode for more information.
  ✓  15 [chromium] › tests/journeys.spec.ts:458:1 › favorite failure belongs to its row and clears after a successful retry (1.0s)
[WebServer] 11:32:16 PM [vite] (client) [console.warn] Lit is in dev mode. Not recommended for production! See https://lit.dev/msg/dev-mode for more information.
[WebServer] 11:32:16 PM [vite] (client) [console.warn] Lit is in dev mode. Not recommended for production! See https://lit.dev/msg/dev-mode for more information.
[WebServer] 11:32:16 PM [vite] (client) [console.warn] Lit is in dev mode. Not recommended for production! See https://lit.dev/msg/dev-mode for more information.
[WebServer] 11:32:16 PM [vite] (client) [console.warn] Lit is in dev mode. Not recommended for production! See https://lit.dev/msg/dev-mode for more information.
[WebServer] 11:32:16 PM [vite] (client) [console.warn] Lit is in dev mode. Not recommended for production! See https://lit.dev/msg/dev-mode for more information.
[WebServer] 11:32:16 PM [vite] (client) [console.warn] Lit is in dev mode. Not recommended for production! See https://lit.dev/msg/dev-mode for more information.
  ✓  14 [chromium] › tests/journeys.spec.ts:428:1 › unfavoriting reconciles favorites membership, pages, and empty results (1.7s)
  ✓  16 [chromium] › tests/journeys.spec.ts:480:1 › form autocomplete matches the workflow and logout adds one history entry (1.4s)
[WebServer] 11:32:16 PM [vite] (client) [console.warn] Lit is in dev mode. Not recommended for production! See https://lit.dev/msg/dev-mode for more information.
[WebServer] 11:32:16 PM [vite] (client) [console.warn] Lit is in dev mode. Not recommended for production! See https://lit.dev/msg/dev-mode for more information.
[WebServer] 11:32:17 PM [vite] (client) [console.warn] Lit is in dev mode. Not recommended for production! See https://lit.dev/msg/dev-mode for more information.
  ✓  17 [chromium] › tests/journeys.spec.ts:503:1 › overlapping unfavorites finish before membership refresh replaces their rows (1.1s)
  ✓  18 [chromium] › tests/lifecycle.spec.ts:3:1 › navigation cancels readiness and destroys the outgoing page and rows (777ms)
[WebServer] 11:32:17 PM [vite] (client) [console.warn] Lit is in dev mode. Not recommended for production! See https://lit.dev/msg/dev-mode for more information.
  ✓  19 [chromium] › tests/lifecycle.spec.ts:49:1 › rapid feed requests ignore obsolete data and preserve current query (817ms)
[WebServer] 11:32:17 PM [vite] (client) [console.warn] Lit is in dev mode. Not recommended for production! See https://lit.dev/msg/dev-mode for more information.
  ✓  20 [chromium] › tests/lifecycle.spec.ts:74:1 › destroyed observable rows stop rendering when borrowed data changes (687ms)
[WebServer] 11:32:17 PM [vite] (client) [console.warn] Lit is in dev mode. Not recommended for production! See https://lit.dev/msg/dev-mode for more information.
  ✓  21 [chromium] › tests/lifecycle.spec.ts:113:1 › stop/start and restart keep one navigation subscription; destroy disposes descendants (724ms)
[WebServer] 11:32:18 PM [vite] (client) [console.warn] Lit is in dev mode. Not recommended for production! See https://lit.dev/msg/dev-mode for more information.
[WebServer] 11:32:18 PM [vite] (client) [console.warn] Lit is in dev mode. Not recommended for production! See https://lit.dev/msg/dev-mode for more information.
  ✓  22 [chromium] › tests/lifecycle.spec.ts:158:1 › navigating away during save prevents late UI and session commits (936ms)
  ✓  23 [chromium] › tests/lifecycle.spec.ts:187:1 › Marionette preparation rejects stale completion even when API ignores its abort signal (704ms)
[WebServer] 11:32:18 PM [vite] (client) [console.warn] Lit is in dev mode. Not recommended for production! See https://lit.dev/msg/dev-mode for more information.
[WebServer] 11:32:18 PM [vite] (client) [console.warn] Lit is in dev mode. Not recommended for production! See https://lit.dev/msg/dev-mode for more information.
[WebServer] 11:32:19 PM [vite] (client) [console.warn] Lit is in dev mode. Not recommended for production! See https://lit.dev/msg/dev-mode for more information.
  ✓  24 [chromium] › tests/lifecycle.spec.ts:235:1 › same-user, unavailable, and superseded session refresh retain the editor draft (1.2s)
[WebServer] 11:32:19 PM [vite] (client) [console.warn] Lit is in dev mode. Not recommended for production! See https://lit.dev/msg/dev-mode for more information.
  ✓  26 [chromium] › tests/lifecycle.spec.ts:359:1 › a settings completion that ignores cancellation cannot accept obsolete credentials (813ms)
  ✓  25 [chromium] › tests/lifecycle.spec.ts:300:1 › credential replacement rejects an old settings response before the new user resolves (953ms)
[WebServer] 11:32:19 PM [vite] (client) [console.warn] Lit is in dev mode. Not recommended for production! See https://lit.dev/msg/dev-mode for more information.
[WebServer] 11:32:19 PM [vite] (client) [console.warn] Lit is in dev mode. Not recommended for production! See https://lit.dev/msg/dev-mode for more information.
[WebServer] 11:32:19 PM [vite] (client) [console.warn] Lit is in dev mode. Not recommended for production! See https://lit.dev/msg/dev-mode for more information.
  ✓  27 [chromium] › tests/lifecycle.spec.ts:387:1 › a completed favorite supersedes a held feed snapshot (935ms)
  ✓  29 [chromium] › tests/lifecycle.spec.ts:478:1 › an obsolete activation failure cannot replace the newer destination (773ms)
[WebServer] 11:32:20 PM [vite] (client) [console.warn] Lit is in dev mode. Not recommended for production! See https://lit.dev/msg/dev-mode for more information.
[WebServer] 11:32:20 PM [vite] (client) [console.warn] Lit is in dev mode. Not recommended for production! See https://lit.dev/msg/dev-mode for more information.
[WebServer] 11:32:20 PM [vite] (client) [console.warn] Lit is in dev mode. Not recommended for production! See https://lit.dev/msg/dev-mode for more information.
  ✓  31 [chromium] › tests/lifecycle.spec.ts:523:1 › startup rechecks credentials changed before storage listeners are installed (364ms)
[WebServer] 11:32:20 PM [vite] (client) [console.warn] Lit is in dev mode. Not recommended for production! See https://lit.dev/msg/dev-mode for more information.
[WebServer] 11:32:20 PM [vite] (client) [console.warn] Lit is in dev mode. Not recommended for production! See https://lit.dev/msg/dev-mode for more information.
[WebServer] 11:32:20 PM [vite] (client) [console.warn] Lit is in dev mode. Not recommended for production! See https://lit.dev/msg/dev-mode for more information.
[WebServer] 11:32:20 PM [vite] (client) [console.warn] Lit is in dev mode. Not recommended for production! See https://lit.dev/msg/dev-mode for more information.
  ✓  28 [chromium] › tests/lifecycle.spec.ts:425:1 › composite restart retains child Regions and comment drafts; stop/start reconstructs (1.6s)
[WebServer] 11:32:21 PM [vite] (client) [console.warn] Lit is in dev mode. Not recommended for production! See https://lit.dev/msg/dev-mode for more information.
  ✓  30 [chromium] › tests/lifecycle.spec.ts:501:1 › a write cannot use replaced credentials before the storage event is handled (915ms)
[WebServer] 11:32:21 PM [vite] (client) [console.warn] Lit is in dev mode. Not recommended for production! See https://lit.dev/msg/dev-mode for more information.
(node:20975) Warning: The 'NO_COLOR' env is ignored due to the 'FORCE_COLOR' env being set.
(Use `node --trace-warnings ...` to show where the warning was created)
  ✓  32 [chromium] › tests/loading.spec.ts:7:3 › desktop feed loading hides retained results and preserves failure/retry (1.7s)
  ✓  33 [chromium] › tests/loading.spec.ts:7:3 › mobile feed loading hides retained results and preserves failure/retry (1.5s)
(node:20977) Warning: The 'NO_COLOR' env is ignored due to the 'FORCE_COLOR' env being set.
(Use `node --trace-warnings ...` to show where the warning was created)
(node:20978) Warning: The 'NO_COLOR' env is ignored due to the 'FORCE_COLOR' env being set.
(Use `node --trace-warnings ...` to show where the warning was created)
[WebServer] 11:32:24 PM [vite] (client) [console.warn] Lit is in dev mode. Not recommended for production! See https://lit.dev/msg/dev-mode for more information.
[WebServer] 11:32:25 PM [vite] (client) [console.warn] Lit is in dev mode. Not recommended for production! See https://lit.dev/msg/dev-mode for more information.
  ✓  34 [firefox] › tests/journeys.spec.ts:3:1 › global feed, tag filtering, pagination and browser history retain shell and home (2.5s)
  ✓  36 [firefox] › tests/journeys.spec.ts:63:1 › failed sign in retains fields and permits correction; protected direct routes redirect (2.1s)
[WebServer] 11:32:25 PM [vite] (client) [console.warn] Lit is in dev mode. Not recommended for production! See https://lit.dev/msg/dev-mode for more information.
[WebServer] 11:32:26 PM [vite] (client) [console.warn] Lit is in dev mode. Not recommended for production! See https://lit.dev/msg/dev-mode for more information.
[WebServer] 11:32:26 PM [vite] (client) [console.warn] Lit is in dev mode. Not recommended for production! See https://lit.dev/msg/dev-mode for more information.
[WebServer] 11:32:26 PM [vite] (client) [console.warn] Lit is in dev mode. Not recommended for production! See https://lit.dev/msg/dev-mode for more information.
  ✓  35 [firefox] › tests/journeys.spec.ts:29:1 › registration, reload session, settings update, empty password omission and logout (2.4s)
[WebServer] 11:32:27 PM [vite] (client) [console.warn] Lit is in dev mode. Not recommended for production! See https://lit.dev/msg/dev-mode for more information.
  ✓  37 [firefox] › tests/journeys.spec.ts:86:1 › create, read markdown, edit slug, profile author list and delete article (1.8s)
  ✓  38 [firefox] › tests/journeys.spec.ts:133:1 › favorites, followed feed, profile tabs and synchronized article metadata (1.8s)
[WebServer] 11:32:27 PM [vite] (client) [console.warn] Lit is in dev mode. Not recommended for production! See https://lit.dev/msg/dev-mode for more information.
[WebServer] 11:32:28 PM [vite] (client) [console.warn] Lit is in dev mode. Not recommended for production! See https://lit.dev/msg/dev-mode for more information.
[WebServer] 11:32:28 PM [vite] (client) [console.warn] Lit is in dev mode. Not recommended for production! See https://lit.dev/msg/dev-mode for more information.
  ✓  39 [firefox] › tests/journeys.spec.ts:186:1 › comments retain newer typing during pending post, then delete only owned comment (1.6s)
  ✓  41 [firefox] › tests/journeys.spec.ts:235:1 › session outage preserves token, explicit retry restores and expired token clears (1.2s)
  ✓  40 [firefox] › tests/journeys.spec.ts:213:1 › feed errors are explicit, retryable and retain layout during failed refresh (1.6s)
[WebServer] 11:32:29 PM [vite] (client) [console.warn] Lit is in dev mode. Not recommended for production! See https://lit.dev/msg/dev-mode for more information.
[WebServer] 11:32:29 PM [vite] (client) [console.warn] Lit is in dev mode. Not recommended for production! See https://lit.dev/msg/dev-mode for more information.
[WebServer] 11:32:29 PM [vite] (client) [console.warn] Lit is in dev mode. Not recommended for production! See https://lit.dev/msg/dev-mode for more information.
[WebServer] 11:32:30 PM [vite] (client) [console.warn] Lit is in dev mode. Not recommended for production! See https://lit.dev/msg/dev-mode for more information.
  ✓  42 [firefox] › tests/journeys.spec.ts:261:1 › Markdown and text escape XSS, unknown routes and guest actions (1.8s)
[WebServer] 11:32:30 PM [vite] (client) [console.warn] Lit is in dev mode. Not recommended for production! See https://lit.dev/msg/dev-mode for more information.
  ✓  43 [firefox] › tests/journeys.spec.ts:292:1 › editor keeps newer text after save and updates the returned slug on next save (2.0s)
[WebServer] 11:32:31 PM [vite] (client) [console.warn] Lit is in dev mode. Not recommended for production! See https://lit.dev/msg/dev-mode for more information.
[WebServer] 11:32:31 PM [vite] (client) [console.warn] Lit is in dev mode. Not recommended for production! See https://lit.dev/msg/dev-mode for more information.
  ✓  44 [firefox] › tests/journeys.spec.ts:327:1 › comment deletion cannot invoke article deletion; editor denies nonauthor (2.4s)
[WebServer] 11:32:31 PM [vite] (client) [console.warn] Lit is in dev mode. Not recommended for production! See https://lit.dev/msg/dev-mode for more information.
  ✓  45 [firefox] › tests/journeys.spec.ts:350:1 › failed article and comment writes preserve drafts and allow explicit resubmission (2.1s)
[WebServer] 11:32:32 PM [vite] (client) [console.warn] Lit is in dev mode. Not recommended for production! See https://lit.dev/msg/dev-mode for more information.
[WebServer] 11:32:33 PM [vite] (client) [console.warn] Lit is in dev mode. Not recommended for production! See https://lit.dev/msg/dev-mode for more information.
[WebServer] 11:32:33 PM [vite] (client) [console.warn] Lit is in dev mode. Not recommended for production! See https://lit.dev/msg/dev-mode for more information.
  ✓  46 [firefox] › tests/journeys.spec.ts:391:1 › desktop and mobile Conduit layout, keyboard focus and empty feed (2.9s)
[WebServer] 11:32:33 PM [vite] (client) [console.warn] Lit is in dev mode. Not recommended for production! See https://lit.dev/msg/dev-mode for more information.
[WebServer] 11:32:34 PM [vite] (client) [console.warn] Lit is in dev mode. Not recommended for production! See https://lit.dev/msg/dev-mode for more information.
[WebServer] 11:32:34 PM [vite] (client) [console.warn] Lit is in dev mode. Not recommended for production! See https://lit.dev/msg/dev-mode for more information.
[WebServer] 11:32:34 PM [vite] (client) [console.warn] Lit is in dev mode. Not recommended for production! See https://lit.dev/msg/dev-mode for more information.
  ✓  48 [firefox] › tests/journeys.spec.ts:458:1 › favorite failure belongs to its row and clears after a successful retry (1.5s)
[WebServer] 11:32:34 PM [vite] (client) [console.warn] Lit is in dev mode. Not recommended for production! See https://lit.dev/msg/dev-mode for more information.
  ✓  47 [firefox] › tests/journeys.spec.ts:428:1 › unfavoriting reconciles favorites membership, pages, and empty results (2.9s)
[WebServer] 11:32:34 PM [vite] (client) [console.warn] Lit is in dev mode. Not recommended for production! See https://lit.dev/msg/dev-mode for more information.
[WebServer] 11:32:34 PM [vite] (client) [console.warn] Lit is in dev mode. Not recommended for production! See https://lit.dev/msg/dev-mode for more information.
[WebServer] 11:32:34 PM [vite] (client) [console.warn] Lit is in dev mode. Not recommended for production! See https://lit.dev/msg/dev-mode for more information.
[WebServer] 11:32:35 PM [vite] (client) [console.warn] Lit is in dev mode. Not recommended for production! See https://lit.dev/msg/dev-mode for more information.
  ✓  49 [firefox] › tests/journeys.spec.ts:480:1 › form autocomplete matches the workflow and logout adds one history entry (1.6s)
[WebServer] 11:32:35 PM [vite] (client) [console.warn] Lit is in dev mode. Not recommended for production! See https://lit.dev/msg/dev-mode for more information.
  ✓  50 [firefox] › tests/journeys.spec.ts:503:1 › overlapping unfavorites finish before membership refresh replaces their rows (1.2s)
  ✓  51 [firefox] › tests/lifecycle.spec.ts:3:1 › navigation cancels readiness and destroys the outgoing page and rows (1.1s)
[WebServer] 11:32:35 PM [vite] (client) [console.warn] Lit is in dev mode. Not recommended for production! See https://lit.dev/msg/dev-mode for more information.
[WebServer] 11:32:36 PM [vite] (client) [console.warn] Lit is in dev mode. Not recommended for production! See https://lit.dev/msg/dev-mode for more information.
[WebServer] 11:32:36 PM [vite] (client) [console.warn] Lit is in dev mode. Not recommended for production! See https://lit.dev/msg/dev-mode for more information.
  ✓  52 [firefox] › tests/lifecycle.spec.ts:49:1 › rapid feed requests ignore obsolete data and preserve current query (931ms)
  ✓  53 [firefox] › tests/lifecycle.spec.ts:74:1 › destroyed observable rows stop rendering when borrowed data changes (782ms)
  ✓  54 [firefox] › tests/lifecycle.spec.ts:113:1 › stop/start and restart keep one navigation subscription; destroy disposes descendants (916ms)
[WebServer] 11:32:36 PM [vite] (client) [console.warn] Lit is in dev mode. Not recommended for production! See https://lit.dev/msg/dev-mode for more information.
[WebServer] 11:32:36 PM [vite] (client) [console.warn] Lit is in dev mode. Not recommended for production! See https://lit.dev/msg/dev-mode for more information.
[WebServer] 11:32:37 PM [vite] (client) [console.warn] Lit is in dev mode. Not recommended for production! See https://lit.dev/msg/dev-mode for more information.
  ✓  56 [firefox] › tests/lifecycle.spec.ts:187:1 › Marionette preparation rejects stale completion even when API ignores its abort signal (903ms)
  ✓  55 [firefox] › tests/lifecycle.spec.ts:158:1 › navigating away during save prevents late UI and session commits (1.2s)
[WebServer] 11:32:37 PM [vite] (client) [console.warn] Lit is in dev mode. Not recommended for production! See https://lit.dev/msg/dev-mode for more information.
[WebServer] 11:32:37 PM [vite] (client) [console.warn] Lit is in dev mode. Not recommended for production! See https://lit.dev/msg/dev-mode for more information.
[WebServer] 11:32:38 PM [vite] (client) [console.warn] Lit is in dev mode. Not recommended for production! See https://lit.dev/msg/dev-mode for more information.
  ✓  57 [firefox] › tests/lifecycle.spec.ts:235:1 › same-user, unavailable, and superseded session refresh retain the editor draft (1.4s)
  ✓  58 [firefox] › tests/lifecycle.spec.ts:300:1 › credential replacement rejects an old settings response before the new user resolves (1.2s)
[WebServer] 11:32:38 PM [vite] (client) [console.warn] Lit is in dev mode. Not recommended for production! See https://lit.dev/msg/dev-mode for more information.
[WebServer] 11:32:38 PM [vite] (client) [console.warn] Lit is in dev mode. Not recommended for production! See https://lit.dev/msg/dev-mode for more information.
  ✓  59 [firefox] › tests/lifecycle.spec.ts:359:1 › a settings completion that ignores cancellation cannot accept obsolete credentials (1.1s)
[WebServer] 11:32:38 PM [vite] (client) [console.warn] Lit is in dev mode. Not recommended for production! See https://lit.dev/msg/dev-mode for more information.
[WebServer] 11:32:39 PM [vite] (client) [console.warn] Lit is in dev mode. Not recommended for production! See https://lit.dev/msg/dev-mode for more information.
  ✓  60 [firefox] › tests/lifecycle.spec.ts:387:1 › a completed favorite supersedes a held feed snapshot (1.0s)
[WebServer] 11:32:39 PM [vite] (client) [console.warn] Lit is in dev mode. Not recommended for production! See https://lit.dev/msg/dev-mode for more information.
[WebServer] 11:32:39 PM [vite] (client) [console.warn] Lit is in dev mode. Not recommended for production! See https://lit.dev/msg/dev-mode for more information.
[WebServer] 11:32:39 PM [vite] (client) [console.warn] Lit is in dev mode. Not recommended for production! See https://lit.dev/msg/dev-mode for more information.
[WebServer] 11:32:39 PM [vite] (client) [console.warn] Lit is in dev mode. Not recommended for production! See https://lit.dev/msg/dev-mode for more information.
[WebServer] 11:32:40 PM [vite] (client) [console.warn] Lit is in dev mode. Not recommended for production! See https://lit.dev/msg/dev-mode for more information.
[WebServer] 11:32:40 PM [vite] (client) [console.warn] Lit is in dev mode. Not recommended for production! See https://lit.dev/msg/dev-mode for more information.
  ✓  62 [firefox] › tests/lifecycle.spec.ts:478:1 › an obsolete activation failure cannot replace the newer destination (1.8s)
[WebServer] 11:32:40 PM [vite] (client) [console.warn] Lit is in dev mode. Not recommended for production! See https://lit.dev/msg/dev-mode for more information.
  ✓  64 [firefox] › tests/lifecycle.spec.ts:523:1 › startup rechecks credentials changed before storage listeners are installed (662ms)
  ✓  63 [firefox] › tests/lifecycle.spec.ts:501:1 › a write cannot use replaced credentials before the storage event is handled (2.0s)
  ✓  61 [firefox] › tests/lifecycle.spec.ts:425:1 › composite restart retains child Regions and comment drafts; stop/start reconstructs (2.7s)
[WebServer] 11:32:41 PM [vite] (client) [console.warn] Lit is in dev mode. Not recommended for production! See https://lit.dev/msg/dev-mode for more information.
[WebServer] 11:32:41 PM [vite] (client) [console.warn] Lit is in dev mode. Not recommended for production! See https://lit.dev/msg/dev-mode for more information.
(node:21140) Warning: The 'NO_COLOR' env is ignored due to the 'FORCE_COLOR' env being set.
(Use `node --trace-warnings ...` to show where the warning was created)
  ✓  65 [firefox] › tests/loading.spec.ts:7:3 › desktop feed loading hides retained results and preserves failure/retry (1.3s)
  ✓  66 [firefox] › tests/loading.spec.ts:7:3 › mobile feed loading hides retained results and preserves failure/retry (1.4s)
(node:21148) Warning: The 'NO_COLOR' env is ignored due to the 'FORCE_COLOR' env being set.
(Use `node --trace-warnings ...` to show where the warning was created)
(node:21149) Warning: The 'NO_COLOR' env is ignored due to the 'FORCE_COLOR' env being set.
(Use `node --trace-warnings ...` to show where the warning was created)
[WebServer] 11:32:43 PM [vite] (client) [console.warn] Lit is in dev mode. Not recommended for production! See https://lit.dev/msg/dev-mode for more information.
[WebServer] 11:32:43 PM [vite] (client) [console.warn] Lit is in dev mode. Not recommended for production! See https://lit.dev/msg/dev-mode for more information.
[WebServer] 11:32:44 PM [vite] (client) [console.warn] Lit is in dev mode. Not recommended for production! See https://lit.dev/msg/dev-mode for more information.
  ✓  67 [webkit] › tests/journeys.spec.ts:3:1 › global feed, tag filtering, pagination and browser history retain shell and home (1.4s)
[WebServer] 11:32:44 PM [vite] (client) [console.warn] Lit is in dev mode. Not recommended for production! See https://lit.dev/msg/dev-mode for more information.
  ✓  69 [webkit] › tests/journeys.spec.ts:63:1 › failed sign in retains fields and permits correction; protected direct routes redirect (975ms)
[WebServer] 11:32:44 PM [vite] (client) [console.warn] Lit is in dev mode. Not recommended for production! See https://lit.dev/msg/dev-mode for more information.
[WebServer] 11:32:44 PM [vite] (client) [console.warn] Lit is in dev mode. Not recommended for production! See https://lit.dev/msg/dev-mode for more information.
  ✓  68 [webkit] › tests/journeys.spec.ts:29:1 › registration, reload session, settings update, empty password omission and logout (1.7s)
[WebServer] 11:32:45 PM [vite] (client) [console.warn] Lit is in dev mode. Not recommended for production! See https://lit.dev/msg/dev-mode for more information.
[WebServer] 11:32:45 PM [vite] (client) [console.warn] Lit is in dev mode. Not recommended for production! See https://lit.dev/msg/dev-mode for more information.
  ✓  70 [webkit] › tests/journeys.spec.ts:86:1 › create, read markdown, edit slug, profile author list and delete article (1.5s)
[WebServer] 11:32:46 PM [vite] (client) [console.warn] Lit is in dev mode. Not recommended for production! See https://lit.dev/msg/dev-mode for more information.
  ✓  71 [webkit] › tests/journeys.spec.ts:133:1 › favorites, followed feed, profile tabs and synchronized article metadata (1.7s)
  ✓  72 [webkit] › tests/journeys.spec.ts:186:1 › comments retain newer typing during pending post, then delete only owned comment (1.4s)
[WebServer] 11:32:46 PM [vite] (client) [console.warn] Lit is in dev mode. Not recommended for production! See https://lit.dev/msg/dev-mode for more information.
  ✓  73 [webkit] › tests/journeys.spec.ts:213:1 › feed errors are explicit, retryable and retain layout during failed refresh (835ms)
[WebServer] 11:32:46 PM [vite] (client) [console.warn] Lit is in dev mode. Not recommended for production! See https://lit.dev/msg/dev-mode for more information.
  ✓  74 [webkit] › tests/journeys.spec.ts:235:1 › session outage preserves token, explicit retry restores and expired token clears (613ms)
[WebServer] 11:32:47 PM [vite] (client) [console.warn] Lit is in dev mode. Not recommended for production! See https://lit.dev/msg/dev-mode for more information.
[WebServer] 11:32:47 PM [vite] (client) [console.warn] Lit is in dev mode. Not recommended for production! See https://lit.dev/msg/dev-mode for more information.
[WebServer] 11:32:47 PM [vite] (client) [console.warn] Lit is in dev mode. Not recommended for production! See https://lit.dev/msg/dev-mode for more information.
  ✓  75 [webkit] › tests/journeys.spec.ts:261:1 › Markdown and text escape XSS, unknown routes and guest actions (728ms)
  ✓  76 [webkit] › tests/journeys.spec.ts:292:1 › editor keeps newer text after save and updates the returned slug on next save (828ms)
[WebServer] 11:32:47 PM [vite] (client) [console.warn] Lit is in dev mode. Not recommended for production! See https://lit.dev/msg/dev-mode for more information.
[WebServer] 11:32:47 PM [vite] (client) [console.warn] Lit is in dev mode. Not recommended for production! See https://lit.dev/msg/dev-mode for more information.
[WebServer] 11:32:47 PM [vite] (client) [console.warn] Lit is in dev mode. Not recommended for production! See https://lit.dev/msg/dev-mode for more information.
[WebServer] 11:32:48 PM [vite] (client) [console.warn] Lit is in dev mode. Not recommended for production! See https://lit.dev/msg/dev-mode for more information.
  ✓  77 [webkit] › tests/journeys.spec.ts:327:1 › comment deletion cannot invoke article deletion; editor denies nonauthor (1.4s)
  ✓  78 [webkit] › tests/journeys.spec.ts:350:1 › failed article and comment writes preserve drafts and allow explicit resubmission (1.2s)
[WebServer] 11:32:48 PM [vite] (client) [console.warn] Lit is in dev mode. Not recommended for production! See https://lit.dev/msg/dev-mode for more information.
[WebServer] 11:32:48 PM [vite] (client) [console.warn] Lit is in dev mode. Not recommended for production! See https://lit.dev/msg/dev-mode for more information.
[WebServer] 11:32:48 PM [vite] (client) [console.warn] Lit is in dev mode. Not recommended for production! See https://lit.dev/msg/dev-mode for more information.
  ✓  79 [webkit] › tests/journeys.spec.ts:391:1 › desktop and mobile Conduit layout, keyboard focus and empty feed (1.3s)
[WebServer] 11:32:49 PM [vite] (client) [console.warn] Lit is in dev mode. Not recommended for production! See https://lit.dev/msg/dev-mode for more information.
[WebServer] 11:32:49 PM [vite] (client) [console.warn] Lit is in dev mode. Not recommended for production! See https://lit.dev/msg/dev-mode for more information.
  ✓  81 [webkit] › tests/journeys.spec.ts:458:1 › favorite failure belongs to its row and clears after a successful retry (861ms)
[WebServer] 11:32:49 PM [vite] (client) [console.warn] Lit is in dev mode. Not recommended for production! See https://lit.dev/msg/dev-mode for more information.
[WebServer] 11:32:49 PM [vite] (client) [console.warn] Lit is in dev mode. Not recommended for production! See https://lit.dev/msg/dev-mode for more information.
[WebServer] 11:32:49 PM [vite] (client) [console.warn] Lit is in dev mode. Not recommended for production! See https://lit.dev/msg/dev-mode for more information.
[WebServer] 11:32:49 PM [vite] (client) [console.warn] Lit is in dev mode. Not recommended for production! See https://lit.dev/msg/dev-mode for more information.
  ✓  82 [webkit] › tests/journeys.spec.ts:480:1 › form autocomplete matches the workflow and logout adds one history entry (1.2s)
[WebServer] 11:32:50 PM [vite] (client) [console.warn] Lit is in dev mode. Not recommended for production! See https://lit.dev/msg/dev-mode for more information.
[WebServer] 11:32:50 PM [vite] (client) [console.warn] Lit is in dev mode. Not recommended for production! See https://lit.dev/msg/dev-mode for more information.
[WebServer] 11:32:50 PM [vite] (client) [console.warn] Lit is in dev mode. Not recommended for production! See https://lit.dev/msg/dev-mode for more information.
[WebServer] 11:32:50 PM [vite] (client) [console.warn] Lit is in dev mode. Not recommended for production! See https://lit.dev/msg/dev-mode for more information.
  ✓  80 [webkit] › tests/journeys.spec.ts:428:1 › unfavoriting reconciles favorites membership, pages, and empty results (2.1s)
  ✓  83 [webkit] › tests/journeys.spec.ts:503:1 › overlapping unfavorites finish before membership refresh replaces their rows (1.2s)
  ✓  84 [webkit] › tests/lifecycle.spec.ts:3:1 › navigation cancels readiness and destroys the outgoing page and rows (693ms)
[WebServer] 11:32:50 PM [vite] (client) [console.warn] Lit is in dev mode. Not recommended for production! See https://lit.dev/msg/dev-mode for more information.
[WebServer] 11:32:50 PM [vite] (client) [console.warn] Lit is in dev mode. Not recommended for production! See https://lit.dev/msg/dev-mode for more information.
[WebServer] 11:32:51 PM [vite] (client) [console.warn] Lit is in dev mode. Not recommended for production! See https://lit.dev/msg/dev-mode for more information.
  ✓  86 [webkit] › tests/lifecycle.spec.ts:74:1 › destroyed observable rows stop rendering when borrowed data changes (508ms)
  ✓  85 [webkit] › tests/lifecycle.spec.ts:49:1 › rapid feed requests ignore obsolete data and preserve current query (723ms)
  ✓  87 [webkit] › tests/lifecycle.spec.ts:113:1 › stop/start and restart keep one navigation subscription; destroy disposes descendants (526ms)
[WebServer] 11:32:51 PM [vite] (client) [console.warn] Lit is in dev mode. Not recommended for production! See https://lit.dev/msg/dev-mode for more information.
[WebServer] 11:32:51 PM [vite] (client) [console.warn] Lit is in dev mode. Not recommended for production! See https://lit.dev/msg/dev-mode for more information.
[WebServer] 11:32:51 PM [vite] (client) [console.warn] Lit is in dev mode. Not recommended for production! See https://lit.dev/msg/dev-mode for more information.
  ✓  89 [webkit] › tests/lifecycle.spec.ts:187:1 › Marionette preparation rejects stale completion even when API ignores its abort signal (536ms)
[WebServer] 11:32:51 PM [vite] (client) [console.warn] Lit is in dev mode. Not recommended for production! See https://lit.dev/msg/dev-mode for more information.
  ✓  88 [webkit] › tests/lifecycle.spec.ts:158:1 › navigating away during save prevents late UI and session commits (980ms)
[WebServer] 11:32:52 PM [vite] (client) [console.warn] Lit is in dev mode. Not recommended for production! See https://lit.dev/msg/dev-mode for more information.
  ✓  90 [webkit] › tests/lifecycle.spec.ts:235:1 › same-user, unavailable, and superseded session refresh retain the editor draft (922ms)
[WebServer] 11:32:52 PM [vite] (client) [console.warn] Lit is in dev mode. Not recommended for production! See https://lit.dev/msg/dev-mode for more information.
[WebServer] 11:32:52 PM [vite] (client) [console.warn] Lit is in dev mode. Not recommended for production! See https://lit.dev/msg/dev-mode for more information.
  ✓  91 [webkit] › tests/lifecycle.spec.ts:300:1 › credential replacement rejects an old settings response before the new user resolves (899ms)
[WebServer] 11:32:52 PM [vite] (client) [console.warn] Lit is in dev mode. Not recommended for production! See https://lit.dev/msg/dev-mode for more information.
  ✓  93 [webkit] › tests/lifecycle.spec.ts:387:1 › a completed favorite supersedes a held feed snapshot (602ms)
[WebServer] 11:32:53 PM [vite] (client) [console.warn] Lit is in dev mode. Not recommended for production! See https://lit.dev/msg/dev-mode for more information.
[WebServer] 11:32:53 PM [vite] (client) [console.warn] Lit is in dev mode. Not recommended for production! See https://lit.dev/msg/dev-mode for more information.
  ✓  92 [webkit] › tests/lifecycle.spec.ts:359:1 › a settings completion that ignores cancellation cannot accept obsolete credentials (1.2s)
  ✓  95 [webkit] › tests/lifecycle.spec.ts:478:1 › an obsolete activation failure cannot replace the newer destination (477ms)
[WebServer] 11:32:53 PM [vite] (client) [console.warn] Lit is in dev mode. Not recommended for production! See https://lit.dev/msg/dev-mode for more information.
[WebServer] 11:32:53 PM [vite] (client) [console.warn] Lit is in dev mode. Not recommended for production! See https://lit.dev/msg/dev-mode for more information.
[WebServer] 11:32:53 PM [vite] (client) [console.warn] Lit is in dev mode. Not recommended for production! See https://lit.dev/msg/dev-mode for more information.
[WebServer] 11:32:53 PM [vite] (client) [console.warn] Lit is in dev mode. Not recommended for production! See https://lit.dev/msg/dev-mode for more information.
  ✓  97 [webkit] › tests/lifecycle.spec.ts:523:1 › startup rechecks credentials changed before storage listeners are installed (560ms)
[WebServer] 11:32:53 PM [vite] (client) [console.warn] Lit is in dev mode. Not recommended for production! See https://lit.dev/msg/dev-mode for more information.
[WebServer] 11:32:54 PM [vite] (client) [console.warn] Lit is in dev mode. Not recommended for production! See https://lit.dev/msg/dev-mode for more information.
  ✓  96 [webkit] › tests/lifecycle.spec.ts:501:1 › a write cannot use replaced credentials before the storage event is handled (847ms)
[WebServer] 11:32:54 PM [vite] (client) [console.warn] Lit is in dev mode. Not recommended for production! See https://lit.dev/msg/dev-mode for more information.
[WebServer] 11:32:54 PM [vite] (client) [console.warn] Lit is in dev mode. Not recommended for production! See https://lit.dev/msg/dev-mode for more information.
[WebServer] 11:32:54 PM [vite] (client) [console.warn] Lit is in dev mode. Not recommended for production! See https://lit.dev/msg/dev-mode for more information.
  ✓  94 [webkit] › tests/lifecycle.spec.ts:425:1 › composite restart retains child Regions and comment drafts; stop/start reconstructs (1.7s)
  ✓  98 [webkit] › tests/loading.spec.ts:7:3 › desktop feed loading hides retained results and preserves failure/retry (1.2s)
  ✓  99 [webkit] › tests/loading.spec.ts:7:3 › mobile feed loading hides retained results and preserves failure/retry (1.1s)

  99 passed (47.9s)
