
> marionette-realworld-example-app@1.0.0 test
> playwright test --config=.trim-playwright.config.ts --workers=3

[WebServer] (node:36632) Warning: The 'NO_COLOR' env is ignored due to the 'FORCE_COLOR' env being set.
[WebServer] (Use `node --trace-warnings ...` to show where the warning was created)

Running 99 tests using 3 workers

(node:36799) Warning: The 'NO_COLOR' env is ignored due to the 'FORCE_COLOR' env being set.
(Use `node --trace-warnings ...` to show where the warning was created)
(node:36800) Warning: The 'NO_COLOR' env is ignored due to the 'FORCE_COLOR' env being set.
(Use `node --trace-warnings ...` to show where the warning was created)
(node:36801) Warning: The 'NO_COLOR' env is ignored due to the 'FORCE_COLOR' env being set.
(Use `node --trace-warnings ...` to show where the warning was created)
[WebServer] 11:49:40 PM [vite] (client) [console.warn] Lit is in dev mode. Not recommended for production! See https://lit.dev/msg/dev-mode for more information.
[WebServer] 11:49:40 PM [vite] (client) [console.warn] Lit is in dev mode. Not recommended for production! See https://lit.dev/msg/dev-mode for more information.
[WebServer] 11:49:40 PM [vite] (client) [console.warn] Lit is in dev mode. Not recommended for production! See https://lit.dev/msg/dev-mode for more information.
  ✓   3 [chromium] › tests/journeys.spec.ts:3:1 › global feed, tag filtering, pagination and browser history retain shell and home (1.5s)
  ✓   1 [chromium] › tests/journeys.spec.ts:63:1 › failed sign in retains fields and permits correction; protected direct routes redirect (1.5s)
[WebServer] 11:49:41 PM [vite] (client) [console.warn] Lit is in dev mode. Not recommended for production! See https://lit.dev/msg/dev-mode for more information.
  ✓   2 [chromium] › tests/journeys.spec.ts:29:1 › registration, reload session, settings update, empty password omission and logout (1.8s)
[WebServer] 11:49:41 PM [vite] (client) [console.warn] Lit is in dev mode. Not recommended for production! See https://lit.dev/msg/dev-mode for more information.
[WebServer] 11:49:41 PM [vite] (client) [console.warn] Lit is in dev mode. Not recommended for production! See https://lit.dev/msg/dev-mode for more information.
[WebServer] 11:49:41 PM [vite] (client) [console.warn] Lit is in dev mode. Not recommended for production! See https://lit.dev/msg/dev-mode for more information.
[WebServer] 11:49:42 PM [vite] (client) [console.warn] Lit is in dev mode. Not recommended for production! See https://lit.dev/msg/dev-mode for more information.
  ✓   6 [chromium] › tests/journeys.spec.ts:186:1 › comments retain newer typing during pending post, then delete only owned comment (1.1s)
  ✓   4 [chromium] › tests/journeys.spec.ts:86:1 › create, read markdown, edit slug, profile author list and delete article (1.4s)
  ✓   5 [chromium] › tests/journeys.spec.ts:133:1 › favorites, followed feed, profile tabs and synchronized article metadata (1.5s)
[WebServer] 11:49:42 PM [vite] (client) [console.warn] Lit is in dev mode. Not recommended for production! See https://lit.dev/msg/dev-mode for more information.
[WebServer] 11:49:42 PM [vite] (client) [console.warn] Lit is in dev mode. Not recommended for production! See https://lit.dev/msg/dev-mode for more information.
[WebServer] 11:49:42 PM [vite] (client) [console.warn] Lit is in dev mode. Not recommended for production! See https://lit.dev/msg/dev-mode for more information.
  ✓   8 [chromium] › tests/journeys.spec.ts:235:1 › session outage preserves token, explicit retry restores and expired token clears (555ms)
[WebServer] 11:49:43 PM [vite] (client) [console.warn] Lit is in dev mode. Not recommended for production! See https://lit.dev/msg/dev-mode for more information.
  ✓   7 [chromium] › tests/journeys.spec.ts:213:1 › feed errors are explicit, retryable and retain layout during failed refresh (1.0s)
[WebServer] 11:49:43 PM [vite] (client) [console.warn] Lit is in dev mode. Not recommended for production! See https://lit.dev/msg/dev-mode for more information.
  ✓   9 [chromium] › tests/journeys.spec.ts:261:1 › Markdown and text escape XSS, unknown routes and guest actions (1.1s)
[WebServer] 11:49:43 PM [vite] (client) [console.warn] Lit is in dev mode. Not recommended for production! See https://lit.dev/msg/dev-mode for more information.
[WebServer] 11:49:44 PM [vite] (client) [console.warn] Lit is in dev mode. Not recommended for production! See https://lit.dev/msg/dev-mode for more information.
  ✓  10 [chromium] › tests/journeys.spec.ts:292:1 › editor keeps newer text after save and updates the returned slug on next save (1.1s)
[WebServer] 11:49:44 PM [vite] (client) [console.warn] Lit is in dev mode. Not recommended for production! See https://lit.dev/msg/dev-mode for more information.
[WebServer] 11:49:44 PM [vite] (client) [console.warn] Lit is in dev mode. Not recommended for production! See https://lit.dev/msg/dev-mode for more information.
[WebServer] 11:49:44 PM [vite] (client) [console.warn] Lit is in dev mode. Not recommended for production! See https://lit.dev/msg/dev-mode for more information.
  ✓  11 [chromium] › tests/journeys.spec.ts:327:1 › comment deletion cannot invoke article deletion; editor denies nonauthor (1.4s)
  ✓  12 [chromium] › tests/journeys.spec.ts:350:1 › failed article and comment writes preserve drafts and allow explicit resubmission (1.3s)
[WebServer] 11:49:45 PM [vite] (client) [console.warn] Lit is in dev mode. Not recommended for production! See https://lit.dev/msg/dev-mode for more information.
[WebServer] 11:49:45 PM [vite] (client) [console.warn] Lit is in dev mode. Not recommended for production! See https://lit.dev/msg/dev-mode for more information.
[WebServer] 11:49:45 PM [vite] (client) [console.warn] Lit is in dev mode. Not recommended for production! See https://lit.dev/msg/dev-mode for more information.
  ✓  13 [chromium] › tests/journeys.spec.ts:391:1 › desktop and mobile Conduit layout, keyboard focus and empty feed (1.2s)
[WebServer] 11:49:45 PM [vite] (client) [console.warn] Lit is in dev mode. Not recommended for production! See https://lit.dev/msg/dev-mode for more information.
[WebServer] 11:49:45 PM [vite] (client) [console.warn] Lit is in dev mode. Not recommended for production! See https://lit.dev/msg/dev-mode for more information.
[WebServer] 11:49:46 PM [vite] (client) [console.warn] Lit is in dev mode. Not recommended for production! See https://lit.dev/msg/dev-mode for more information.
  ✓  15 [chromium] › tests/journeys.spec.ts:458:1 › favorite failure belongs to its row and clears after a successful retry (998ms)
[WebServer] 11:49:46 PM [vite] (client) [console.warn] Lit is in dev mode. Not recommended for production! See https://lit.dev/msg/dev-mode for more information.
[WebServer] 11:49:46 PM [vite] (client) [console.warn] Lit is in dev mode. Not recommended for production! See https://lit.dev/msg/dev-mode for more information.
[WebServer] 11:49:46 PM [vite] (client) [console.warn] Lit is in dev mode. Not recommended for production! See https://lit.dev/msg/dev-mode for more information.
[WebServer] 11:49:46 PM [vite] (client) [console.warn] Lit is in dev mode. Not recommended for production! See https://lit.dev/msg/dev-mode for more information.
  ✓  14 [chromium] › tests/journeys.spec.ts:428:1 › unfavoriting reconciles favorites membership, pages, and empty results (1.6s)
[WebServer] 11:49:46 PM [vite] (client) [console.warn] Lit is in dev mode. Not recommended for production! See https://lit.dev/msg/dev-mode for more information.
[WebServer] 11:49:46 PM [vite] (client) [console.warn] Lit is in dev mode. Not recommended for production! See https://lit.dev/msg/dev-mode for more information.
  ✓  16 [chromium] › tests/journeys.spec.ts:480:1 › form autocomplete matches the workflow and logout adds one history entry (1.6s)
[WebServer] 11:49:47 PM [vite] (client) [console.warn] Lit is in dev mode. Not recommended for production! See https://lit.dev/msg/dev-mode for more information.
  ✓  17 [chromium] › tests/journeys.spec.ts:503:1 › overlapping unfavorites finish before membership refresh replaces their rows (1.2s)
[WebServer] 11:49:47 PM [vite] (client) [console.warn] Lit is in dev mode. Not recommended for production! See https://lit.dev/msg/dev-mode for more information.
  ✓  18 [chromium] › tests/lifecycle.spec.ts:3:1 › navigation cancels readiness and destroys the outgoing page and rows (814ms)
[WebServer] 11:49:47 PM [vite] (client) [console.warn] Lit is in dev mode. Not recommended for production! See https://lit.dev/msg/dev-mode for more information.
[WebServer] 11:49:47 PM [vite] (client) [console.warn] Lit is in dev mode. Not recommended for production! See https://lit.dev/msg/dev-mode for more information.
  ✓  19 [chromium] › tests/lifecycle.spec.ts:49:1 › rapid feed requests ignore obsolete data and preserve current query (809ms)
  ✓  20 [chromium] › tests/lifecycle.spec.ts:74:1 › destroyed observable rows stop rendering when borrowed data changes (704ms)
  ✓  21 [chromium] › tests/lifecycle.spec.ts:113:1 › stop/start and restart keep one navigation subscription; destroy disposes descendants (763ms)
[WebServer] 11:49:48 PM [vite] (client) [console.warn] Lit is in dev mode. Not recommended for production! See https://lit.dev/msg/dev-mode for more information.
[WebServer] 11:49:48 PM [vite] (client) [console.warn] Lit is in dev mode. Not recommended for production! See https://lit.dev/msg/dev-mode for more information.
[WebServer] 11:49:48 PM [vite] (client) [console.warn] Lit is in dev mode. Not recommended for production! See https://lit.dev/msg/dev-mode for more information.
  ✓  23 [chromium] › tests/lifecycle.spec.ts:187:1 › Marionette preparation rejects stale completion even when API ignores its abort signal (709ms)
  ✓  22 [chromium] › tests/lifecycle.spec.ts:158:1 › navigating away during save prevents late UI and session commits (1.0s)
[WebServer] 11:49:48 PM [vite] (client) [console.warn] Lit is in dev mode. Not recommended for production! See https://lit.dev/msg/dev-mode for more information.
[WebServer] 11:49:49 PM [vite] (client) [console.warn] Lit is in dev mode. Not recommended for production! See https://lit.dev/msg/dev-mode for more information.
[WebServer] 11:49:49 PM [vite] (client) [console.warn] Lit is in dev mode. Not recommended for production! See https://lit.dev/msg/dev-mode for more information.
  ✓  24 [chromium] › tests/lifecycle.spec.ts:235:1 › same-user, unavailable, and superseded session refresh retain the editor draft (1.2s)
[WebServer] 11:49:49 PM [vite] (client) [console.warn] Lit is in dev mode. Not recommended for production! See https://lit.dev/msg/dev-mode for more information.
  ✓  25 [chromium] › tests/lifecycle.spec.ts:300:1 › credential replacement rejects an old settings response before the new user resolves (1.0s)
[WebServer] 11:49:49 PM [vite] (client) [console.warn] Lit is in dev mode. Not recommended for production! See https://lit.dev/msg/dev-mode for more information.
  ✓  26 [chromium] › tests/lifecycle.spec.ts:359:1 › a settings completion that ignores cancellation cannot accept obsolete credentials (1.1s)
[WebServer] 11:49:49 PM [vite] (client) [console.warn] Lit is in dev mode. Not recommended for production! See https://lit.dev/msg/dev-mode for more information.
  ✓  27 [chromium] › tests/lifecycle.spec.ts:387:1 › a completed favorite supersedes a held feed snapshot (854ms)
[WebServer] 11:49:50 PM [vite] (client) [console.warn] Lit is in dev mode. Not recommended for production! See https://lit.dev/msg/dev-mode for more information.
[WebServer] 11:49:50 PM [vite] (client) [console.warn] Lit is in dev mode. Not recommended for production! See https://lit.dev/msg/dev-mode for more information.
[WebServer] 11:49:50 PM [vite] (client) [console.warn] Lit is in dev mode. Not recommended for production! See https://lit.dev/msg/dev-mode for more information.
[WebServer] 11:49:50 PM [vite] (client) [console.warn] Lit is in dev mode. Not recommended for production! See https://lit.dev/msg/dev-mode for more information.
  ✓  29 [chromium] › tests/lifecycle.spec.ts:478:1 › an obsolete activation failure cannot replace the newer destination (816ms)
[WebServer] 11:49:50 PM [vite] (client) [console.warn] Lit is in dev mode. Not recommended for production! See https://lit.dev/msg/dev-mode for more information.
[WebServer] 11:49:51 PM [vite] (client) [console.warn] Lit is in dev mode. Not recommended for production! See https://lit.dev/msg/dev-mode for more information.
[WebServer] 11:49:51 PM [vite] (client) [console.warn] Lit is in dev mode. Not recommended for production! See https://lit.dev/msg/dev-mode for more information.
  ✓  30 [chromium] › tests/lifecycle.spec.ts:501:1 › a write cannot use replaced credentials before the storage event is handled (950ms)
  ✓  31 [chromium] › tests/lifecycle.spec.ts:523:1 › startup rechecks credentials changed before storage listeners are installed (343ms)
[WebServer] 11:49:51 PM [vite] (client) [console.warn] Lit is in dev mode. Not recommended for production! See https://lit.dev/msg/dev-mode for more information.
  ✓  28 [chromium] › tests/lifecycle.spec.ts:425:1 › composite restart retains child Regions and comment drafts; stop/start reconstructs (1.5s)
[WebServer] 11:49:51 PM [vite] (client) [console.warn] Lit is in dev mode. Not recommended for production! See https://lit.dev/msg/dev-mode for more information.
[WebServer] 11:49:51 PM [vite] (client) [console.warn] Lit is in dev mode. Not recommended for production! See https://lit.dev/msg/dev-mode for more information.
(node:37140) Warning: The 'NO_COLOR' env is ignored due to the 'FORCE_COLOR' env being set.
(Use `node --trace-warnings ...` to show where the warning was created)
  ✓  33 [chromium] › tests/loading.spec.ts:7:3 › mobile feed loading hides retained results and preserves failure/retry (1.4s)
  ✓  32 [chromium] › tests/loading.spec.ts:7:3 › desktop feed loading hides retained results and preserves failure/retry (1.4s)
(node:37156) Warning: The 'NO_COLOR' env is ignored due to the 'FORCE_COLOR' env being set.
(Use `node --trace-warnings ...` to show where the warning was created)
(node:37157) Warning: The 'NO_COLOR' env is ignored due to the 'FORCE_COLOR' env being set.
(Use `node --trace-warnings ...` to show where the warning was created)
[WebServer] 11:49:55 PM [vite] (client) [console.warn] Lit is in dev mode. Not recommended for production! See https://lit.dev/msg/dev-mode for more information.
[WebServer] 11:49:56 PM [vite] (client) [console.warn] Lit is in dev mode. Not recommended for production! See https://lit.dev/msg/dev-mode for more information.
  ✓  34 [firefox] › tests/journeys.spec.ts:3:1 › global feed, tag filtering, pagination and browser history retain shell and home (2.8s)
[WebServer] 11:49:56 PM [vite] (client) [console.warn] Lit is in dev mode. Not recommended for production! See https://lit.dev/msg/dev-mode for more information.
[WebServer] 11:49:56 PM [vite] (client) [console.warn] Lit is in dev mode. Not recommended for production! See https://lit.dev/msg/dev-mode for more information.
[WebServer] 11:49:56 PM [vite] (client) [console.warn] Lit is in dev mode. Not recommended for production! See https://lit.dev/msg/dev-mode for more information.
  ✓  35 [firefox] › tests/journeys.spec.ts:29:1 › registration, reload session, settings update, empty password omission and logout (3.0s)
  ✓  36 [firefox] › tests/journeys.spec.ts:63:1 › failed sign in retains fields and permits correction; protected direct routes redirect (2.7s)
[WebServer] 11:49:57 PM [vite] (client) [console.warn] Lit is in dev mode. Not recommended for production! See https://lit.dev/msg/dev-mode for more information.
[WebServer] 11:49:58 PM [vite] (client) [console.warn] Lit is in dev mode. Not recommended for production! See https://lit.dev/msg/dev-mode for more information.
  ✓  37 [firefox] › tests/journeys.spec.ts:86:1 › create, read markdown, edit slug, profile author list and delete article (1.8s)
[WebServer] 11:49:58 PM [vite] (client) [console.warn] Lit is in dev mode. Not recommended for production! See https://lit.dev/msg/dev-mode for more information.
[WebServer] 11:49:58 PM [vite] (client) [console.warn] Lit is in dev mode. Not recommended for production! See https://lit.dev/msg/dev-mode for more information.
  ✓  39 [firefox] › tests/journeys.spec.ts:186:1 › comments retain newer typing during pending post, then delete only owned comment (1.3s)
  ✓  38 [firefox] › tests/journeys.spec.ts:133:1 › favorites, followed feed, profile tabs and synchronized article metadata (1.9s)
  ✓  40 [firefox] › tests/journeys.spec.ts:213:1 › feed errors are explicit, retryable and retain layout during failed refresh (1.1s)
[WebServer] 11:49:59 PM [vite] (client) [console.warn] Lit is in dev mode. Not recommended for production! See https://lit.dev/msg/dev-mode for more information.
[WebServer] 11:49:59 PM [vite] (client) [console.warn] Lit is in dev mode. Not recommended for production! See https://lit.dev/msg/dev-mode for more information.
  ✓  41 [firefox] › tests/journeys.spec.ts:235:1 › session outage preserves token, explicit retry restores and expired token clears (634ms)
[WebServer] 11:49:59 PM [vite] (client) [console.warn] Lit is in dev mode. Not recommended for production! See https://lit.dev/msg/dev-mode for more information.
[WebServer] 11:49:59 PM [vite] (client) [console.warn] Lit is in dev mode. Not recommended for production! See https://lit.dev/msg/dev-mode for more information.
[WebServer] 11:50:00 PM [vite] (client) [console.warn] Lit is in dev mode. Not recommended for production! See https://lit.dev/msg/dev-mode for more information.
  ✓  42 [firefox] › tests/journeys.spec.ts:261:1 › Markdown and text escape XSS, unknown routes and guest actions (1.3s)
[WebServer] 11:50:01 PM [vite] (client) [console.warn] Lit is in dev mode. Not recommended for production! See https://lit.dev/msg/dev-mode for more information.
  ✓  43 [firefox] › tests/journeys.spec.ts:292:1 › editor keeps newer text after save and updates the returned slug on next save (1.9s)
[WebServer] 11:50:01 PM [vite] (client) [console.warn] Lit is in dev mode. Not recommended for production! See https://lit.dev/msg/dev-mode for more information.
[WebServer] 11:50:01 PM [vite] (client) [console.warn] Lit is in dev mode. Not recommended for production! See https://lit.dev/msg/dev-mode for more information.
[WebServer] 11:50:01 PM [vite] (client) [console.warn] Lit is in dev mode. Not recommended for production! See https://lit.dev/msg/dev-mode for more information.
  ✓  44 [firefox] › tests/journeys.spec.ts:327:1 › comment deletion cannot invoke article deletion; editor denies nonauthor (2.6s)
[WebServer] 11:50:02 PM [vite] (client) [console.warn] Lit is in dev mode. Not recommended for production! See https://lit.dev/msg/dev-mode for more information.
  ✓  45 [firefox] › tests/journeys.spec.ts:350:1 › failed article and comment writes preserve drafts and allow explicit resubmission (2.9s)
[WebServer] 11:50:03 PM [vite] (client) [console.warn] Lit is in dev mode. Not recommended for production! See https://lit.dev/msg/dev-mode for more information.
[WebServer] 11:50:03 PM [vite] (client) [console.warn] Lit is in dev mode. Not recommended for production! See https://lit.dev/msg/dev-mode for more information.
  ✓  46 [firefox] › tests/journeys.spec.ts:391:1 › desktop and mobile Conduit layout, keyboard focus and empty feed (2.3s)
[WebServer] 11:50:03 PM [vite] (client) [console.warn] Lit is in dev mode. Not recommended for production! See https://lit.dev/msg/dev-mode for more information.
[WebServer] 11:50:04 PM [vite] (client) [console.warn] Lit is in dev mode. Not recommended for production! See https://lit.dev/msg/dev-mode for more information.
[WebServer] 11:50:04 PM [vite] (client) [console.warn] Lit is in dev mode. Not recommended for production! See https://lit.dev/msg/dev-mode for more information.
[WebServer] 11:50:05 PM [vite] (client) [console.warn] Lit is in dev mode. Not recommended for production! See https://lit.dev/msg/dev-mode for more information.
  ✓  48 [firefox] › tests/journeys.spec.ts:458:1 › favorite failure belongs to its row and clears after a successful retry (1.8s)
[WebServer] 11:50:05 PM [vite] (client) [console.warn] Lit is in dev mode. Not recommended for production! See https://lit.dev/msg/dev-mode for more information.
[WebServer] 11:50:05 PM [vite] (client) [console.warn] Lit is in dev mode. Not recommended for production! See https://lit.dev/msg/dev-mode for more information.
[WebServer] 11:50:05 PM [vite] (client) [console.warn] Lit is in dev mode. Not recommended for production! See https://lit.dev/msg/dev-mode for more information.
[WebServer] 11:50:05 PM [vite] (client) [console.warn] Lit is in dev mode. Not recommended for production! See https://lit.dev/msg/dev-mode for more information.
  ✓  47 [firefox] › tests/journeys.spec.ts:428:1 › unfavoriting reconciles favorites membership, pages, and empty results (3.8s)
  ✓  49 [firefox] › tests/journeys.spec.ts:480:1 › form autocomplete matches the workflow and logout adds one history entry (2.4s)
[WebServer] 11:50:06 PM [vite] (client) [console.warn] Lit is in dev mode. Not recommended for production! See https://lit.dev/msg/dev-mode for more information.
[WebServer] 11:50:06 PM [vite] (client) [console.warn] Lit is in dev mode. Not recommended for production! See https://lit.dev/msg/dev-mode for more information.
[WebServer] 11:50:06 PM [vite] (client) [console.warn] Lit is in dev mode. Not recommended for production! See https://lit.dev/msg/dev-mode for more information.
  ✓  50 [firefox] › tests/journeys.spec.ts:503:1 › overlapping unfavorites finish before membership refresh replaces their rows (1.7s)
  ✓  51 [firefox] › tests/lifecycle.spec.ts:3:1 › navigation cancels readiness and destroys the outgoing page and rows (1.1s)
  ✓  52 [firefox] › tests/lifecycle.spec.ts:49:1 › rapid feed requests ignore obsolete data and preserve current query (1.0s)
[WebServer] 11:50:07 PM [vite] (client) [console.warn] Lit is in dev mode. Not recommended for production! See https://lit.dev/msg/dev-mode for more information.
[WebServer] 11:50:07 PM [vite] (client) [console.warn] Lit is in dev mode. Not recommended for production! See https://lit.dev/msg/dev-mode for more information.
[WebServer] 11:50:07 PM [vite] (client) [console.warn] Lit is in dev mode. Not recommended for production! See https://lit.dev/msg/dev-mode for more information.
  ✓  53 [firefox] › tests/lifecycle.spec.ts:74:1 › destroyed observable rows stop rendering when borrowed data changes (908ms)
  ✓  54 [firefox] › tests/lifecycle.spec.ts:113:1 › stop/start and restart keep one navigation subscription; destroy disposes descendants (1.1s)
[WebServer] 11:50:08 PM [vite] (client) [console.warn] Lit is in dev mode. Not recommended for production! See https://lit.dev/msg/dev-mode for more information.
  ✓  55 [firefox] › tests/lifecycle.spec.ts:158:1 › navigating away during save prevents late UI and session commits (1.2s)
  ✓  56 [firefox] › tests/lifecycle.spec.ts:187:1 › Marionette preparation rejects stale completion even when API ignores its abort signal (855ms)
[WebServer] 11:50:08 PM [vite] (client) [console.warn] Lit is in dev mode. Not recommended for production! See https://lit.dev/msg/dev-mode for more information.
[WebServer] 11:50:08 PM [vite] (client) [console.warn] Lit is in dev mode. Not recommended for production! See https://lit.dev/msg/dev-mode for more information.
[WebServer] 11:50:09 PM [vite] (client) [console.warn] Lit is in dev mode. Not recommended for production! See https://lit.dev/msg/dev-mode for more information.
[WebServer] 11:50:09 PM [vite] (client) [console.warn] Lit is in dev mode. Not recommended for production! See https://lit.dev/msg/dev-mode for more information.
  ✓  58 [firefox] › tests/lifecycle.spec.ts:300:1 › credential replacement rejects an old settings response before the new user resolves (1.2s)
  ✓  57 [firefox] › tests/lifecycle.spec.ts:235:1 › same-user, unavailable, and superseded session refresh retain the editor draft (1.4s)
[WebServer] 11:50:09 PM [vite] (client) [console.warn] Lit is in dev mode. Not recommended for production! See https://lit.dev/msg/dev-mode for more information.
  ✓  59 [firefox] › tests/lifecycle.spec.ts:359:1 › a settings completion that ignores cancellation cannot accept obsolete credentials (1.0s)
[WebServer] 11:50:09 PM [vite] (client) [console.warn] Lit is in dev mode. Not recommended for production! See https://lit.dev/msg/dev-mode for more information.
[WebServer] 11:50:09 PM [vite] (client) [console.warn] Lit is in dev mode. Not recommended for production! See https://lit.dev/msg/dev-mode for more information.
[WebServer] 11:50:10 PM [vite] (client) [console.warn] Lit is in dev mode. Not recommended for production! See https://lit.dev/msg/dev-mode for more information.
[WebServer] 11:50:10 PM [vite] (client) [console.warn] Lit is in dev mode. Not recommended for production! See https://lit.dev/msg/dev-mode for more information.
[WebServer] 11:50:11 PM [vite] (client) [console.warn] Lit is in dev mode. Not recommended for production! See https://lit.dev/msg/dev-mode for more information.
[WebServer] 11:50:11 PM [vite] (client) [console.warn] Lit is in dev mode. Not recommended for production! See https://lit.dev/msg/dev-mode for more information.
[WebServer] 11:50:11 PM [vite] (client) [console.warn] Lit is in dev mode. Not recommended for production! See https://lit.dev/msg/dev-mode for more information.
  ✓  61 [firefox] › tests/lifecycle.spec.ts:425:1 › composite restart retains child Regions and comment drafts; stop/start reconstructs (2.3s)
  ✓  60 [firefox] › tests/lifecycle.spec.ts:387:1 › a completed favorite supersedes a held feed snapshot (2.5s)
  ✓  62 [firefox] › tests/lifecycle.spec.ts:478:1 › an obsolete activation failure cannot replace the newer destination (2.5s)
[WebServer] 11:50:12 PM [vite] (client) [console.warn] Lit is in dev mode. Not recommended for production! See https://lit.dev/msg/dev-mode for more information.
[WebServer] 11:50:13 PM [vite] (client) [console.warn] Lit is in dev mode. Not recommended for production! See https://lit.dev/msg/dev-mode for more information.
  ✓  64 [firefox] › tests/lifecycle.spec.ts:523:1 › startup rechecks credentials changed before storage listeners are installed (1.3s)
[WebServer] 11:50:13 PM [vite] (client) [console.warn] Lit is in dev mode. Not recommended for production! See https://lit.dev/msg/dev-mode for more information.
[WebServer] 11:50:13 PM [vite] (client) [console.warn] Lit is in dev mode. Not recommended for production! See https://lit.dev/msg/dev-mode for more information.
[WebServer] 11:50:14 PM [vite] (client) [console.warn] Lit is in dev mode. Not recommended for production! See https://lit.dev/msg/dev-mode for more information.
  ✓  65 [firefox] › tests/loading.spec.ts:7:3 › desktop feed loading hides retained results and preserves failure/retry (2.8s)
  ✓  63 [firefox] › tests/lifecycle.spec.ts:501:1 › a write cannot use replaced credentials before the storage event is handled (3.4s)
  ✓  66 [firefox] › tests/loading.spec.ts:7:3 › mobile feed loading hides retained results and preserves failure/retry (2.0s)
(node:37608) Warning: The 'NO_COLOR' env is ignored due to the 'FORCE_COLOR' env being set.
(Use `node --trace-warnings ...` to show where the warning was created)
(node:37609) Warning: The 'NO_COLOR' env is ignored due to the 'FORCE_COLOR' env being set.
(Use `node --trace-warnings ...` to show where the warning was created)
(node:37610) Warning: The 'NO_COLOR' env is ignored due to the 'FORCE_COLOR' env being set.
(Use `node --trace-warnings ...` to show where the warning was created)
[WebServer] 11:50:17 PM [vite] (client) [console.warn] Lit is in dev mode. Not recommended for production! See https://lit.dev/msg/dev-mode for more information.
[WebServer] 11:50:17 PM [vite] (client) [console.warn] Lit is in dev mode. Not recommended for production! See https://lit.dev/msg/dev-mode for more information.
[WebServer] 11:50:17 PM [vite] (client) [console.warn] Lit is in dev mode. Not recommended for production! See https://lit.dev/msg/dev-mode for more information.
  ✓  69 [webkit] › tests/journeys.spec.ts:63:1 › failed sign in retains fields and permits correction; protected direct routes redirect (1.6s)
[WebServer] 11:50:18 PM [vite] (client) [console.warn] Lit is in dev mode. Not recommended for production! See https://lit.dev/msg/dev-mode for more information.
  ✓  67 [webkit] › tests/journeys.spec.ts:3:1 › global feed, tag filtering, pagination and browser history retain shell and home (1.6s)
[WebServer] 11:50:18 PM [vite] (client) [console.warn] Lit is in dev mode. Not recommended for production! See https://lit.dev/msg/dev-mode for more information.
[WebServer] 11:50:18 PM [vite] (client) [console.warn] Lit is in dev mode. Not recommended for production! See https://lit.dev/msg/dev-mode for more information.
  ✓  68 [webkit] › tests/journeys.spec.ts:29:1 › registration, reload session, settings update, empty password omission and logout (2.1s)
[WebServer] 11:50:19 PM [vite] (client) [console.warn] Lit is in dev mode. Not recommended for production! See https://lit.dev/msg/dev-mode for more information.
[WebServer] 11:50:19 PM [vite] (client) [console.warn] Lit is in dev mode. Not recommended for production! See https://lit.dev/msg/dev-mode for more information.
  ✓  70 [webkit] › tests/journeys.spec.ts:86:1 › create, read markdown, edit slug, profile author list and delete article (1.9s)
  ✓  72 [webkit] › tests/journeys.spec.ts:186:1 › comments retain newer typing during pending post, then delete only owned comment (1.4s)
  ✓  71 [webkit] › tests/journeys.spec.ts:133:1 › favorites, followed feed, profile tabs and synchronized article metadata (2.2s)
[WebServer] 11:50:20 PM [vite] (client) [console.warn] Lit is in dev mode. Not recommended for production! See https://lit.dev/msg/dev-mode for more information.
[WebServer] 11:50:21 PM [vite] (client) [console.warn] Lit is in dev mode. Not recommended for production! See https://lit.dev/msg/dev-mode for more information.
[WebServer] 11:50:21 PM [vite] (client) [console.warn] Lit is in dev mode. Not recommended for production! See https://lit.dev/msg/dev-mode for more information.
  ✓  73 [webkit] › tests/journeys.spec.ts:213:1 › feed errors are explicit, retryable and retain layout during failed refresh (1.5s)
  ✓  74 [webkit] › tests/journeys.spec.ts:235:1 › session outage preserves token, explicit retry restores and expired token clears (1.6s)
[WebServer] 11:50:22 PM [vite] (client) [console.warn] Lit is in dev mode. Not recommended for production! See https://lit.dev/msg/dev-mode for more information.
  ✓  75 [webkit] › tests/journeys.spec.ts:261:1 › Markdown and text escape XSS, unknown routes and guest actions (1.4s)
[WebServer] 11:50:22 PM [vite] (client) [console.warn] Lit is in dev mode. Not recommended for production! See https://lit.dev/msg/dev-mode for more information.
[WebServer] 11:50:22 PM [vite] (client) [console.warn] Lit is in dev mode. Not recommended for production! See https://lit.dev/msg/dev-mode for more information.
[WebServer] 11:50:22 PM [vite] (client) [console.warn] Lit is in dev mode. Not recommended for production! See https://lit.dev/msg/dev-mode for more information.
[WebServer] 11:50:23 PM [vite] (client) [console.warn] Lit is in dev mode. Not recommended for production! See https://lit.dev/msg/dev-mode for more information.
  ✓  76 [webkit] › tests/journeys.spec.ts:292:1 › editor keeps newer text after save and updates the returned slug on next save (1.4s)
[WebServer] 11:50:23 PM [vite] (client) [console.warn] Lit is in dev mode. Not recommended for production! See https://lit.dev/msg/dev-mode for more information.
[WebServer] 11:50:23 PM [vite] (client) [console.warn] Lit is in dev mode. Not recommended for production! See https://lit.dev/msg/dev-mode for more information.
  ✓  77 [webkit] › tests/journeys.spec.ts:327:1 › comment deletion cannot invoke article deletion; editor denies nonauthor (1.7s)
  ✓  78 [webkit] › tests/journeys.spec.ts:350:1 › failed article and comment writes preserve drafts and allow explicit resubmission (1.7s)
[WebServer] 11:50:24 PM [vite] (client) [console.warn] Lit is in dev mode. Not recommended for production! See https://lit.dev/msg/dev-mode for more information.
[WebServer] 11:50:24 PM [vite] (client) [console.warn] Lit is in dev mode. Not recommended for production! See https://lit.dev/msg/dev-mode for more information.
[WebServer] 11:50:24 PM [vite] (client) [console.warn] Lit is in dev mode. Not recommended for production! See https://lit.dev/msg/dev-mode for more information.
  ✓  79 [webkit] › tests/journeys.spec.ts:391:1 › desktop and mobile Conduit layout, keyboard focus and empty feed (1.3s)
[WebServer] 11:50:24 PM [vite] (client) [console.warn] Lit is in dev mode. Not recommended for production! See https://lit.dev/msg/dev-mode for more information.
  ✓  81 [webkit] › tests/journeys.spec.ts:458:1 › favorite failure belongs to its row and clears after a successful retry (914ms)
[WebServer] 11:50:25 PM [vite] (client) [console.warn] Lit is in dev mode. Not recommended for production! See https://lit.dev/msg/dev-mode for more information.
[WebServer] 11:50:25 PM [vite] (client) [console.warn] Lit is in dev mode. Not recommended for production! See https://lit.dev/msg/dev-mode for more information.
[WebServer] 11:50:25 PM [vite] (client) [console.warn] Lit is in dev mode. Not recommended for production! See https://lit.dev/msg/dev-mode for more information.
[WebServer] 11:50:25 PM [vite] (client) [console.warn] Lit is in dev mode. Not recommended for production! See https://lit.dev/msg/dev-mode for more information.
[WebServer] 11:50:25 PM [vite] (client) [console.warn] Lit is in dev mode. Not recommended for production! See https://lit.dev/msg/dev-mode for more information.
[WebServer] 11:50:25 PM [vite] (client) [console.warn] Lit is in dev mode. Not recommended for production! See https://lit.dev/msg/dev-mode for more information.
[WebServer] 11:50:25 PM [vite] (client) [console.warn] Lit is in dev mode. Not recommended for production! See https://lit.dev/msg/dev-mode for more information.
[WebServer] 11:50:25 PM [vite] (client) [console.warn] Lit is in dev mode. Not recommended for production! See https://lit.dev/msg/dev-mode for more information.
  ✓  83 [webkit] › tests/journeys.spec.ts:503:1 › overlapping unfavorites finish before membership refresh replaces their rows (1.0s)
  ✓  80 [webkit] › tests/journeys.spec.ts:428:1 › unfavoriting reconciles favorites membership, pages, and empty results (2.2s)
  ✓  82 [webkit] › tests/journeys.spec.ts:480:1 › form autocomplete matches the workflow and logout adds one history entry (1.5s)
[WebServer] 11:50:26 PM [vite] (client) [console.warn] Lit is in dev mode. Not recommended for production! See https://lit.dev/msg/dev-mode for more information.
[WebServer] 11:50:26 PM [vite] (client) [console.warn] Lit is in dev mode. Not recommended for production! See https://lit.dev/msg/dev-mode for more information.
[WebServer] 11:50:26 PM [vite] (client) [console.warn] Lit is in dev mode. Not recommended for production! See https://lit.dev/msg/dev-mode for more information.
  ✓  86 [webkit] › tests/lifecycle.spec.ts:74:1 › destroyed observable rows stop rendering when borrowed data changes (511ms)
  ✓  84 [webkit] › tests/lifecycle.spec.ts:3:1 › navigation cancels readiness and destroys the outgoing page and rows (860ms)
  ✓  85 [webkit] › tests/lifecycle.spec.ts:49:1 › rapid feed requests ignore obsolete data and preserve current query (755ms)
[WebServer] 11:50:27 PM [vite] (client) [console.warn] Lit is in dev mode. Not recommended for production! See https://lit.dev/msg/dev-mode for more information.
[WebServer] 11:50:27 PM [vite] (client) [console.warn] Lit is in dev mode. Not recommended for production! See https://lit.dev/msg/dev-mode for more information.
[WebServer] 11:50:27 PM [vite] (client) [console.warn] Lit is in dev mode. Not recommended for production! See https://lit.dev/msg/dev-mode for more information.
  ✓  89 [webkit] › tests/lifecycle.spec.ts:187:1 › Marionette preparation rejects stale completion even when API ignores its abort signal (489ms)
  ✓  87 [webkit] › tests/lifecycle.spec.ts:113:1 › stop/start and restart keep one navigation subscription; destroy disposes descendants (584ms)
[WebServer] 11:50:27 PM [vite] (client) [console.warn] Lit is in dev mode. Not recommended for production! See https://lit.dev/msg/dev-mode for more information.
[WebServer] 11:50:27 PM [vite] (client) [console.warn] Lit is in dev mode. Not recommended for production! See https://lit.dev/msg/dev-mode for more information.
  ✓  88 [webkit] › tests/lifecycle.spec.ts:158:1 › navigating away during save prevents late UI and session commits (934ms)
[WebServer] 11:50:28 PM [vite] (client) [console.warn] Lit is in dev mode. Not recommended for production! See https://lit.dev/msg/dev-mode for more information.
[WebServer] 11:50:28 PM [vite] (client) [console.warn] Lit is in dev mode. Not recommended for production! See https://lit.dev/msg/dev-mode for more information.
  ✓  91 [webkit] › tests/lifecycle.spec.ts:300:1 › credential replacement rejects an old settings response before the new user resolves (837ms)
[WebServer] 11:50:28 PM [vite] (client) [console.warn] Lit is in dev mode. Not recommended for production! See https://lit.dev/msg/dev-mode for more information.
[WebServer] 11:50:28 PM [vite] (client) [console.warn] Lit is in dev mode. Not recommended for production! See https://lit.dev/msg/dev-mode for more information.
  ✓  92 [webkit] › tests/lifecycle.spec.ts:359:1 › a settings completion that ignores cancellation cannot accept obsolete credentials (830ms)
  ✓  90 [webkit] › tests/lifecycle.spec.ts:235:1 › same-user, unavailable, and superseded session refresh retain the editor draft (1.4s)
  ✓  93 [webkit] › tests/lifecycle.spec.ts:387:1 › a completed favorite supersedes a held feed snapshot (697ms)
[WebServer] 11:50:28 PM [vite] (client) [console.warn] Lit is in dev mode. Not recommended for production! See https://lit.dev/msg/dev-mode for more information.
[WebServer] 11:50:29 PM [vite] (client) [console.warn] Lit is in dev mode. Not recommended for production! See https://lit.dev/msg/dev-mode for more information.
[WebServer] 11:50:29 PM [vite] (client) [console.warn] Lit is in dev mode. Not recommended for production! See https://lit.dev/msg/dev-mode for more information.
[WebServer] 11:50:29 PM [vite] (client) [console.warn] Lit is in dev mode. Not recommended for production! See https://lit.dev/msg/dev-mode for more information.
  ✓  95 [webkit] › tests/lifecycle.spec.ts:478:1 › an obsolete activation failure cannot replace the newer destination (585ms)
[WebServer] 11:50:29 PM [vite] (client) [console.warn] Lit is in dev mode. Not recommended for production! See https://lit.dev/msg/dev-mode for more information.
[WebServer] 11:50:29 PM [vite] (client) [console.warn] Lit is in dev mode. Not recommended for production! See https://lit.dev/msg/dev-mode for more information.
[WebServer] 11:50:29 PM [vite] (client) [console.warn] Lit is in dev mode. Not recommended for production! See https://lit.dev/msg/dev-mode for more information.
  ✓  97 [webkit] › tests/lifecycle.spec.ts:523:1 › startup rechecks credentials changed before storage listeners are installed (569ms)
  ✓  96 [webkit] › tests/lifecycle.spec.ts:501:1 › a write cannot use replaced credentials before the storage event is handled (1.1s)
[WebServer] 11:50:30 PM [vite] (client) [console.warn] Lit is in dev mode. Not recommended for production! See https://lit.dev/msg/dev-mode for more information.
[WebServer] 11:50:30 PM [vite] (client) [console.warn] Lit is in dev mode. Not recommended for production! See https://lit.dev/msg/dev-mode for more information.
[WebServer] 11:50:30 PM [vite] (client) [console.warn] Lit is in dev mode. Not recommended for production! See https://lit.dev/msg/dev-mode for more information.
[WebServer] 11:50:30 PM [vite] (client) [console.warn] Lit is in dev mode. Not recommended for production! See https://lit.dev/msg/dev-mode for more information.
  ✓  94 [webkit] › tests/lifecycle.spec.ts:425:1 › composite restart retains child Regions and comment drafts; stop/start reconstructs (2.3s)
  ✓  98 [webkit] › tests/loading.spec.ts:7:3 › desktop feed loading hides retained results and preserves failure/retry (1.5s)
  ✓  99 [webkit] › tests/loading.spec.ts:7:3 › mobile feed loading hides retained results and preserves failure/retry (1.4s)

  99 passed (54.9s)
